<html>
<body>
<pre>
<h1>礦ision Build Log</h1>
<h2>Tool Versions:</h2>
IDE-Version: μVision V5.36.0.0
Copyright (C) 2021 ARM Ltd and ARM Germany GmbH. All rights reserved.
License Information: asdfswdf asdfsad, as, LIC=MPPLD-895NW-CXBU6-D4NGF-HSE4Y-6XYVM
 
Tool Versions:
Toolchain:       MDK-ARM Plus  Version: 5.36.0.0
Toolchain Path:  D:\32keil_can_not_delete\ARM\ARMCC\Bin
C Compiler:      Armcc.exe V5.06 update 7 (build 960)
Assembler:       Armasm.exe V5.06 update 7 (build 960)
Linker/Locator:  ArmLink.exe V5.06 update 7 (build 960)
Library Manager: ArmAr.exe V5.06 update 7 (build 960)
Hex Converter:   FromElf.exe V5.06 update 7 (build 960)
CPU DLL:         SARMCM3.DLL V5.36.0.0
Dialog DLL:      DCM.DLL V1.17.3.0
Target DLL:      CMSIS_AGDI.dll V1.33.0.0
Dialog DLL:      TCM.DLL V1.53.0.0
 
<h2>Project:</h2>
E:\CUbeMXPRJ\SDTesth750VB\MDK-ARM\SDTesth750VB.uvprojx
Project File Date:  10/01/2023

<h2>Output:</h2>
*** Using Compiler 'V5.06 update 7 (build 960)', folder: 'D:\32keil_can_not_delete\ARM\ARMCC\Bin'
Build target 'SDTesth750VB'
compiling FileManage.c...
..\Core\Src\FileManage.c(12): warning:  #188-D: enumerated type mixed with another type
  	return ResByte;
..\Core\Src\FileManage.c(17): warning:  #167-D: argument of type "uint8_t *" is incompatible with parameter of type "const TCHAR *"
  	f_open(&SDFile, FileName, FA_OPEN_ALWAYS | FA_OPEN_APPEND | FA_WRITE);
..\Core\Src\FileManage.c(18): warning:  #940-D: missing return statement at end of non-void function "SdCardOpen_MkFile" 
  }
..\Core\Src\FileManage.c(16): warning:  #177-D: variable "Res"  was declared but never referenced
  	uint8_t Res;
..\Core\Src\FileManage.c: 4 warnings, 0 errors
linking...
Program Size: Code=34380 RO-data=3520 RW-data=328 ZI-data=28760  
FromELF: creating hex file...
"SDTesth750VB\SDTesth750VB.axf" - 0 Error(s), 4 Warning(s).

<h2>Software Packages used:</h2>

Package Vendor: ARM
                http://www.keil.com/pack/ARM.CMSIS.5.9.0.pack
                ARM.CMSIS.5.9.0
                CMSIS (Common Microcontroller Software Interface Standard)
   * Component: CORE Version: 5.6.0

Package Vendor: Keil
                http://www.keil.com/pack/Keil.STM32H7xx_DFP.2.8.0.pack
                Keil.STM32H7xx_DFP.2.8.0
                STMicroelectronics STM32H7 Series Device Support and Examples

<h2>Collection of Component include folders:</h2>
  .\RTE\_SDTesth750VB
  C:\Users\栗山未来的小玉硝\AppData\Local\Arm\Packs\ARM\CMSIS\5.9.0\CMSIS\Core\Include
  C:\Users\栗山未来的小玉硝\AppData\Local\Arm\Packs\Keil\STM32H7xx_DFP\2.8.0\Drivers\CMSIS\Device\ST\STM32H7xx\Include

<h2>Collection of Component Files used:</h2>

   * Component: ARM::CMSIS:CORE:5.6.0
      Include file:  CMSIS\Core\Include\tz_context.h
Build Time Elapsed:  00:00:01
</pre>
</body>
</html>
