Component: ARM Compiler 5.06 update 7 (build 960) Tool: armlink [4d3601]

==============================================================================

Section Cross References

    startup_stm32h750xx.o(RESET) refers to startup_stm32h750xx.o(STACK) for __initial_sp
    startup_stm32h750xx.o(RESET) refers to startup_stm32h750xx.o(.text) for Reset_Handler
    startup_stm32h750xx.o(RESET) refers to stm32h7xx_it.o(i.NMI_Handler) for NMI_Handler
    startup_stm32h750xx.o(RESET) refers to stm32h7xx_it.o(i.HardFault_Handler) for HardFault_Handler
    startup_stm32h750xx.o(RESET) refers to stm32h7xx_it.o(i.MemManage_Handler) for MemManage_Handler
    startup_stm32h750xx.o(RESET) refers to stm32h7xx_it.o(i.BusFault_Handler) for BusFault_Handler
    startup_stm32h750xx.o(RESET) refers to stm32h7xx_it.o(i.UsageFault_Handler) for UsageFault_Handler
    startup_stm32h750xx.o(RESET) refers to port.o(.emb_text) for SVC_Handler
    startup_stm32h750xx.o(RESET) refers to stm32h7xx_it.o(i.DebugMon_Handler) for DebugMon_Handler
    startup_stm32h750xx.o(RESET) refers to cmsis_os2.o(i.SysTick_Handler) for SysTick_Handler
    startup_stm32h750xx.o(RESET) refers to stm32h7xx_it.o(i.SDMMC1_IRQHandler) for SDMMC1_IRQHandler
    startup_stm32h750xx.o(RESET) refers to stm32h7xx_it.o(i.TIM16_IRQHandler) for TIM16_IRQHandler
    startup_stm32h750xx.o(.text) refers to system_stm32h7xx.o(i.SystemInit) for SystemInit
    startup_stm32h750xx.o(.text) refers to entry.o(.ARM.Collect$$$$00000000) for __main
    st7735.o(i.ST7735_DisplayOff) refers to st7735_reg.o(i.st7735_write_reg) for st7735_write_reg
    st7735.o(i.ST7735_DisplayOff) refers to st7735.o(i.ST7735_IO_Delay) for ST7735_IO_Delay
    st7735.o(i.ST7735_DisplayOff) refers to st7735_reg.o(i.st7735_send_data) for st7735_send_data
    st7735.o(i.ST7735_DisplayOff) refers to st7735.o(.bss) for .bss
    st7735.o(i.ST7735_DisplayOff) refers to st7735.o(.data) for .data
    st7735.o(i.ST7735_DisplayOn) refers to st7735_reg.o(i.st7735_write_reg) for st7735_write_reg
    st7735.o(i.ST7735_DisplayOn) refers to st7735.o(i.ST7735_IO_Delay) for ST7735_IO_Delay
    st7735.o(i.ST7735_DisplayOn) refers to st7735_reg.o(i.st7735_send_data) for st7735_send_data
    st7735.o(i.ST7735_DisplayOn) refers to st7735.o(.bss) for .bss
    st7735.o(i.ST7735_DisplayOn) refers to st7735.o(.data) for .data
    st7735.o(i.ST7735_DrawBitmap) refers to st7735.o(i.ST7735_SetDisplayWindow) for ST7735_SetDisplayWindow
    st7735.o(i.ST7735_DrawBitmap) refers to st7735_reg.o(i.st7735_write_reg) for st7735_write_reg
    st7735.o(i.ST7735_DrawBitmap) refers to st7735.o(i.ST7735_SetCursor) for ST7735_SetCursor
    st7735.o(i.ST7735_DrawBitmap) refers to st7735_reg.o(i.st7735_send_data) for st7735_send_data
    st7735.o(i.ST7735_DrawBitmap) refers to st7735.o(.bss) for .bss
    st7735.o(i.ST7735_DrawBitmap) refers to st7735.o(.data) for .data
    st7735.o(i.ST7735_DrawHLine) refers to st7735.o(i.ST7735_SetCursor) for ST7735_SetCursor
    st7735.o(i.ST7735_DrawHLine) refers to st7735_reg.o(i.st7735_send_data) for st7735_send_data
    st7735.o(i.ST7735_DrawHLine) refers to st7735.o(.bss) for .bss
    st7735.o(i.ST7735_DrawVLine) refers to st7735.o(i.ST7735_SetPixel) for ST7735_SetPixel
    st7735.o(i.ST7735_DrawVLine) refers to st7735.o(.bss) for .bss
    st7735.o(i.ST7735_FillRGBRect) refers to st7735.o(i.ST7735_SetCursor) for ST7735_SetCursor
    st7735.o(i.ST7735_FillRGBRect) refers to st7735_reg.o(i.st7735_send_data) for st7735_send_data
    st7735.o(i.ST7735_FillRGBRect) refers to st7735.o(.bss) for .bss
    st7735.o(i.ST7735_FillRect) refers to st7735.o(i.ST7735_DrawHLine) for ST7735_DrawHLine
    st7735.o(i.ST7735_GetOrientation) refers to st7735.o(.bss) for .bss
    st7735.o(i.ST7735_GetPixel) refers to st7735.o(i.ST7735_SetCursor) for ST7735_SetCursor
    st7735.o(i.ST7735_GetPixel) refers to st7735_reg.o(i.st7735_read_reg) for st7735_read_reg
    st7735.o(i.ST7735_GetPixel) refers to st7735_reg.o(i.st7735_recv_data) for st7735_recv_data
    st7735.o(i.ST7735_GetXSize) refers to st7735.o(.bss) for .bss
    st7735.o(i.ST7735_GetYSize) refers to st7735.o(.bss) for .bss
    st7735.o(i.ST7735_Init) refers to st7735_reg.o(i.st7735_write_reg) for st7735_write_reg
    st7735.o(i.ST7735_Init) refers to st7735.o(i.ST7735_IO_Delay) for ST7735_IO_Delay
    st7735.o(i.ST7735_Init) refers to st7735_reg.o(i.st7735_send_data) for st7735_send_data
    st7735.o(i.ST7735_Init) refers to st7735.o(i.ST7735_SetOrientation) for ST7735_SetOrientation
    st7735.o(i.ST7735_ReadID) refers to st7735_reg.o(i.st7735_read_reg) for st7735_read_reg
    st7735.o(i.ST7735_RegisterBusIO) refers to st7735.o(i.ST7735_ReadRegWrap) for ST7735_ReadRegWrap
    st7735.o(i.ST7735_RegisterBusIO) refers to st7735.o(i.ST7735_WriteRegWrap) for ST7735_WriteRegWrap
    st7735.o(i.ST7735_RegisterBusIO) refers to st7735.o(i.ST7735_SendDataWrap) for ST7735_SendDataWrap
[...]
    _main_stk                                0x08000299   Thumb Code     0  entry2.o(.ARM.Collect$$$$00000001)
    _main_scatterload                        0x0800029d   Thumb Code     0  entry5.o(.ARM.Collect$$$$00000004)
    __main_after_scatterload                 0x080002a1   Thumb Code     0  entry5.o(.ARM.Collect$$$$00000004)
    _main_clock                              0x080002a1   Thumb Code     0  entry7b.o(.ARM.Collect$$$$00000008)
    _main_cpp_init                           0x080002a1   Thumb Code     0  entry8b.o(.ARM.Collect$$$$0000000A)
    _main_init                               0x080002a1   Thumb Code     0  entry9a.o(.ARM.Collect$$$$0000000B)
    __rt_lib_shutdown_fini                   0x080002a9   Thumb Code     0  entry12b.o(.ARM.Collect$$$$0000000E)
    __rt_final_cpp                           0x080002ad   Thumb Code     0  entry10a.o(.ARM.Collect$$$$0000000F)
    __rt_final_exit                          0x080002ad   Thumb Code     0  entry11a.o(.ARM.Collect$$$$00000011)
    SVC_Handler                              0x080002b1   Thumb Code    28  port.o(.emb_text)
    __asm___6_port_c_39a90d8d__prvStartFirstTask 0x080002d1   Thumb Code    36  port.o(.emb_text)
    __asm___6_port_c_39a90d8d__prvEnableVFP  0x080002f9   Thumb Code    16  port.o(.emb_text)
    PendSV_Handler                           0x0800030d   Thumb Code    88  port.o(.emb_text)
    vPortGetIPSR                             0x08000369   Thumb Code     6  port.o(.emb_text)
    Reset_Handler                            0x08000371   Thumb Code     8  startup_stm32h750xx.o(.text)
    ADC3_IRQHandler                          0x0800038b   Thumb Code     0  startup_stm32h750xx.o(.text)
    ADC_IRQHandler                           0x0800038b   Thumb Code     0  startup_stm32h750xx.o(.text)
    BDMA_Channel0_IRQHandler                 0x0800038b   Thumb Code     0  startup_stm32h750xx.o(.text)
    BDMA_Channel1_IRQHandler                 0x0800038b   Thumb Code     0  startup_stm32h750xx.o(.text)
    BDMA_Channel2_IRQHandler                 0x0800038b   Thumb Code     0  startup_stm32h750xx.o(.text)
    BDMA_Channel3_IRQHandler                 0x0800038b   Thumb Code     0  startup_stm32h750xx.o(.text)
    BDMA_Channel4_IRQHandler                 0x0800038b   Thumb Code     0  startup_stm32h750xx.o(.text)
    BDMA_Channel5_IRQHandler                 0x0800038b   Thumb Code     0  startup_stm32h750xx.o(.text)
    BDMA_Channel6_IRQHandler                 0x0800038b   Thumb Code     0  startup_stm32h750xx.o(.text)
    BDMA_Channel7_IRQHandler                 0x0800038b   Thumb Code     0  startup_stm32h750xx.o(.text)
    CEC_IRQHandler                           0x0800038b   Thumb Code     0  startup_stm32h750xx.o(.text)
    COMP1_IRQHandler                         0x0800038b   Thumb Code     0  startup_stm32h750xx.o(.text)
    CRS_IRQHandler                           0x0800038b   Thumb Code     0  startup_stm32h750xx.o(.text)
    CRYP_IRQHandler                          0x0800038b   Thumb Code     0  startup_stm32h750xx.o(.text)
    DCMI_IRQHandler                          0x0800038b   Thumb Code     0  startup_stm32h750xx.o(.text)
    DFSDM1_FLT0_IRQHandler                   0x0800038b   Thumb Code     0  startup_stm32h750xx.o(.text)
    DFSDM1_FLT1_IRQHandler                   0x0800038b   Thumb Code     0  startup_stm32h750xx.o(.text)
    DFSDM1_FLT2_IRQHandler                   0x0800038b   Thumb Code     0  startup_stm32h750xx.o(.text)
    DFSDM1_FLT3_IRQHandler                   0x0800038b   Thumb Code     0  startup_stm32h750xx.o(.text)
    DMA1_Stream0_IRQHandler                  0x0800038b   Thumb Code     0  startup_stm32h750xx.o(.text)
    DMA1_Stream1_IRQHandler                  0x0800038b   Thumb Code     0  startup_stm32h750xx.o(.text)
    DMA1_Stream2_IRQHandler                  0x0800038b   Thumb Code     0  startup_stm32h750xx.o(.text)
    DMA1_Stream3_IRQHandler                  0x0800038b   Thumb Code     0  startup_stm32h750xx.o(.text)
    DMA1_Stream4_IRQHandler                  0x0800038b   Thumb Code     0  startup_stm32h750xx.o(.text)
    DMA1_Stream5_IRQHandler                  0x0800038b   Thumb Code     0  startup_stm32h750xx.o(.text)
    DMA1_Stream6_IRQHandler                  0x0800038b   Thumb Code     0  startup_stm32h750xx.o(.text)
    DMA1_Stream7_IRQHandler                  0x0800038b   Thumb Code     0  startup_stm32h750xx.o(.text)
    DMA2D_IRQHandler                         0x0800038b   Thumb Code     0  startup_stm32h750xx.o(.text)
    DMA2_Stream0_IRQHandler                  0x0800038b   Thumb Code     0  startup_stm32h750xx.o(.text)
    DMA2_Stream1_IRQHandler                  0x0800038b   Thumb Code     0  startup_stm32h750xx.o(.text)
    DMA2_Stream2_IRQHandler                  0x0800038b   Thumb Code     0  startup_stm32h750xx.o(.text)
    DMA2_Stream3_IRQHandler                  0x0800038b   Thumb Code     0  startup_stm32h750xx.o(.text)
    DMA2_Stream4_IRQHandler                  0x0800038b   Thumb Code     0  startup_stm32h750xx.o(.text)
    DMA2_Stream5_IRQHandler                  0x0800038b   Thumb Code     0  startup_stm32h750xx.o(.text)
    DMA2_Stream6_IRQHandler                  0x0800038b   Thumb Code     0  startup_stm32h750xx.o(.text)
    DMA2_Stream7_IRQHandler                  0x0800038b   Thumb Code     0  startup_stm32h750xx.o(.text)
    DMAMUX1_OVR_IRQHandler                   0x0800038b   Thumb Code     0  startup_stm32h750xx.o(.text)
    DMAMUX2_OVR_IRQHandler                   0x0800038b   Thumb Code     0  startup_stm32h750xx.o(.text)
    ECC_IRQHandler                           0x0800038b   Thumb Code     0  startup_stm32h750xx.o(.text)
    ETH_IRQHandler                           0x0800038b   Thumb Code     0  startup_stm32h750xx.o(.text)
    ETH_WKUP_IRQHandler                      0x0800038b   Thumb Code     0  startup_stm32h750xx.o(.text)
    EXTI0_IRQHandler                         0x0800038b   Thumb Code     0  startup_stm32h750xx.o(.text)
    EXTI15_10_IRQHandler                     0x0800038b   Thumb Code     0  startup_stm32h750xx.o(.text)
    EXTI1_IRQHandler                         0x0800038b   Thumb Code     0  startup_stm32h750xx.o(.text)
    EXTI2_IRQHandler                         0x0800038b   Thumb Code     0  startup_stm32h750xx.o(.text)
    EXTI3_IRQHandler                         0x0800038b   Thumb Code     0  startup_stm32h750xx.o(.text)
    EXTI4_IRQHandler                         0x0800038b   Thumb Code     0  startup_stm32h750xx.o(.text)
    EXTI9_5_IRQHandler                       0x0800038b   Thumb Code     0  startup_stm32h750xx.o(.text)
    FDCAN1_IT0_IRQHandler                    0x0800038b   Thumb Code     0  startup_stm32h750xx.o(.text)
    FDCAN1_IT1_IRQHandler                    0x0800038b   Thumb Code     0  startup_stm32h750xx.o(.text)
    FDCAN2_IT0_IRQHandler                    0x0800038b   Thumb Code     0  startup_stm32h750xx.o(.text)
    FDCAN2_IT1_IRQHandler                    0x0800038b   Thumb Code     0  startup_stm32h750xx.o(.text)
    FDCAN_CAL_IRQHandler                     0x0800038b   Thumb Code     0  startup_stm32h750xx.o(.text)
    FLASH_IRQHandler                         0x0800038b   Thumb Code     0  startup_stm32h750xx.o(.text)
    FMC_IRQHandler                           0x0800038b   Thumb Code     0  startup_stm32h750xx.o(.text)
    FPU_IRQHandler                           0x0800038b   Thumb Code     0  startup_stm32h750xx.o(.text)
    HASH_RNG_IRQHandler                      0x0800038b   Thumb Code     0  startup_stm32h750xx.o(.text)
    HRTIM1_FLT_IRQHandler                    0x0800038b   Thumb Code     0  startup_stm32h750xx.o(.text)
    HRTIM1_Master_IRQHandler                 0x0800038b   Thumb Code     0  startup_stm32h750xx.o(.text)
    HRTIM1_TIMA_IRQHandler                   0x0800038b   Thumb Code     0  startup_stm32h750xx.o(.text)
    HRTIM1_TIMB_IRQHandler                   0x0800038b   Thumb Code     0  startup_stm32h750xx.o(.text)
    HRTIM1_TIMC_IRQHandler                   0x0800038b   Thumb Code     0  startup_stm32h750xx.o(.text)
    HRTIM1_TIMD_IRQHandler                   0x0800038b   Thumb Code     0  startup_stm32h750xx.o(.text)
    HRTIM1_TIME_IRQHandler                   0x0800038b   Thumb Code     0  startup_stm32h750xx.o(.text)
    HSEM1_IRQHandler                         0x0800038b   Thumb Code     0  startup_stm32h750xx.o(.text)
    I2C1_ER_IRQHandler                       0x0800038b   Thumb Code     0  startup_stm32h750xx.o(.text)
    I2C1_EV_IRQHandler                       0x0800038b   Thumb Code     0  startup_stm32h750xx.o(.text)
    I2C2_ER_IRQHandler                       0x0800038b   Thumb Code     0  startup_stm32h750xx.o(.text)
    I2C2_EV_IRQHandler                       0x0800038b   Thumb Code     0  startup_stm32h750xx.o(.text)
    I2C3_ER_IRQHandler                       0x0800038b   Thumb Code     0  startup_stm32h750xx.o(.text)
    I2C3_EV_IRQHandler                       0x0800038b   Thumb Code     0  startup_stm32h750xx.o(.text)
    I2C4_ER_IRQHandler                       0x0800038b   Thumb Code     0  startup_stm32h750xx.o(.text)
    I2C4_EV_IRQHandler                       0x0800038b   Thumb Code     0  startup_stm32h750xx.o(.text)
    JPEG_IRQHandler                          0x0800038b   Thumb Code     0  startup_stm32h750xx.o(.text)
    LPTIM1_IRQHandler                        0x0800038b   Thumb Code     0  startup_stm32h750xx.o(.text)
    LPTIM2_IRQHandler                        0x0800038b   Thumb Code     0  startup_stm32h750xx.o(.text)
    LPTIM3_IRQHandler                        0x0800038b   Thumb Code     0  startup_stm32h750xx.o(.text)
    LPTIM4_IRQHandler                        0x0800038b   Thumb Code     0  startup_stm32h750xx.o(.text)
    LPTIM5_IRQHandler                        0x0800038b   Thumb Code     0  startup_stm32h750xx.o(.text)
    LPUART1_IRQHandler                       0x0800038b   Thumb Code     0  startup_stm32h750xx.o(.text)
    LTDC_ER_IRQHandler                       0x0800038b   Thumb Code     0  startup_stm32h750xx.o(.text)
    LTDC_IRQHandler                          0x0800038b   Thumb Code     0  startup_stm32h750xx.o(.text)
    MDIOS_IRQHandler                         0x0800038b   Thumb Code     0  startup_stm32h750xx.o(.text)
    MDIOS_WKUP_IRQHandler                    0x0800038b   Thumb Code     0  startup_stm32h750xx.o(.text)
    MDMA_IRQHandler                          0x0800038b   Thumb Code     0  startup_stm32h750xx.o(.text)
    OTG_FS_EP1_IN_IRQHandler                 0x0800038b   Thumb Code     0  startup_stm32h750xx.o(.text)
    OTG_FS_EP1_OUT_IRQHandler                0x0800038b   Thumb Code     0  startup_stm32h750xx.o(.text)
    OTG_FS_IRQHandler                        0x0800038b   Thumb Code     0  startup_stm32h750xx.o(.text)
    OTG_FS_WKUP_IRQHandler                   0x0800038b   Thumb Code     0  startup_stm32h750xx.o(.text)
    OTG_HS_EP1_IN_IRQHandler                 0x0800038b   Thumb Code     0  startup_stm32h750xx.o(.text)
    OTG_HS_EP1_OUT_IRQHandler                0x0800038b   Thumb Code     0  startup_stm32h750xx.o(.text)
    OTG_HS_IRQHandler                        0x0800038b   Thumb Code     0  startup_stm32h750xx.o(.text)
    OTG_HS_WKUP_IRQHandler                   0x0800038b   Thumb Code     0  startup_stm32h750xx.o(.text)
    PVD_AVD_IRQHandler                       0x0800038b   Thumb Code     0  startup_stm32h750xx.o(.text)
    QUADSPI_IRQHandler                       0x0800038b   Thumb Code     0  startup_stm32h750xx.o(.text)
    RCC_IRQHandler                           0x0800038b   Thumb Code     0  startup_stm32h750xx.o(.text)
    RTC_Alarm_IRQHandler                     0x0800038b   Thumb Code     0  startup_stm32h750xx.o(.text)
    RTC_WKUP_IRQHandler                      0x0800038b   Thumb Code     0  startup_stm32h750xx.o(.text)
    SAI1_IRQHandler                          0x0800038b   Thumb Code     0  startup_stm32h750xx.o(.text)
    SAI2_IRQHandler                          0x0800038b   Thumb Code     0  startup_stm32h750xx.o(.text)
    SAI3_IRQHandler                          0x0800038b   Thumb Code     0  startup_stm32h750xx.o(.text)
    SAI4_IRQHandler                          0x0800038b   Thumb Code     0  startup_stm32h750xx.o(.text)
    SDMMC2_IRQHandler                        0x0800038b   Thumb Code     0  startup_stm32h750xx.o(.text)
    SPDIF_RX_IRQHandler                      0x0800038b   Thumb Code     0  startup_stm32h750xx.o(.text)
    SPI1_IRQHandler                          0x0800038b   Thumb Code     0  startup_stm32h750xx.o(.text)
    SPI2_IRQHandler                          0x0800038b   Thumb Code     0  startup_stm32h750xx.o(.text)
    SPI3_IRQHandler                          0x0800038b   Thumb Code     0  startup_stm32h750xx.o(.text)
    SPI4_IRQHandler                          0x0800038b   Thumb Code     0  startup_stm32h750xx.o(.text)
    SPI5_IRQHandler                          0x0800038b   Thumb Code     0  startup_stm32h750xx.o(.text)
    SPI6_IRQHandler                          0x0800038b   Thumb Code     0  startup_stm32h750xx.o(.text)
    SWPMI1_IRQHandler                        0x0800038b   Thumb Code     0  startup_stm32h750xx.o(.text)
    TAMP_STAMP_IRQHandler                    0x0800038b   Thumb Code     0  startup_stm32h750xx.o(.text)
    TIM15_IRQHandler                         0x0800038b   Thumb Code     0  startup_stm32h750xx.o(.text)
    TIM17_IRQHandler                         0x0800038b   Thumb Code     0  startup_stm32h750xx.o(.text)
    TIM1_BRK_IRQHandler                      0x0800038b   Thumb Code     0  startup_stm32h750xx.o(.text)
    TIM1_CC_IRQHandler                       0x0800038b   Thumb Code     0  startup_stm32h750xx.o(.text)
    TIM1_TRG_COM_IRQHandler                  0x0800038b   Thumb Code     0  startup_stm32h750xx.o(.text)
    TIM1_UP_IRQHandler                       0x0800038b   Thumb Code     0  startup_stm32h750xx.o(.text)
    TIM2_IRQHandler                          0x0800038b   Thumb Code     0  startup_stm32h750xx.o(.text)
    TIM3_IRQHandler                          0x0800038b   Thumb Code     0  startup_stm32h750xx.o(.text)
    TIM4_IRQHandler                          0x0800038b   Thumb Code     0  startup_stm32h750xx.o(.text)
    TIM5_IRQHandler                          0x0800038b   Thumb Code     0  startup_stm32h750xx.o(.text)
    TIM6_DAC_IRQHandler                      0x0800038b   Thumb Code     0  startup_stm32h750xx.o(.text)
    TIM7_IRQHandler                          0x0800038b   Thumb Code     0  startup_stm32h750xx.o(.text)
    TIM8_BRK_TIM12_IRQHandler                0x0800038b   Thumb Code     0  startup_stm32h750xx.o(.text)
    TIM8_CC_IRQHandler                       0x0800038b   Thumb Code     0  startup_stm32h750xx.o(.text)
    TIM8_TRG_COM_TIM14_IRQHandler            0x0800038b   Thumb Code     0  startup_stm32h750xx.o(.text)
    TIM8_UP_TIM13_IRQHandler                 0x0800038b   Thumb Code     0  startup_stm32h750xx.o(.text)
    UART4_IRQHandler                         0x0800038b   Thumb Code     0  startup_stm32h750xx.o(.text)
    UART5_IRQHandler                         0x0800038b   Thumb Code     0  startup_stm32h750xx.o(.text)
    UART7_IRQHandler                         0x0800038b   Thumb Code     0  startup_stm32h750xx.o(.text)
    UART8_IRQHandler                         0x0800038b   Thumb Code     0  startup_stm32h750xx.o(.text)
    USART1_IRQHandler                        0x0800038b   Thumb Code     0  startup_stm32h750xx.o(.text)
    USART2_IRQHandler                        0x0800038b   Thumb Code     0  startup_stm32h750xx.o(.text)
    USART3_IRQHandler                        0x0800038b   Thumb Code     0  startup_stm32h750xx.o(.text)
    USART6_IRQHandler                        0x0800038b   Thumb Code     0  startup_stm32h750xx.o(.text)
    WAKEUP_PIN_IRQHandler                    0x0800038b   Thumb Code     0  startup_stm32h750xx.o(.text)
    WWDG_IRQHandler                          0x0800038b   Thumb Code     0  startup_stm32h750xx.o(.text)
    __aeabi_uldivmod                         0x08000395   Thumb Code    98  uldiv.o(.text)
    __aeabi_memcpy                           0x080003f7   Thumb Code    36  memcpya.o(.text)
    __aeabi_memcpy4                          0x080003f7   Thumb Code     0  memcpya.o(.text)
    __aeabi_memcpy8                          0x080003f7   Thumb Code     0  memcpya.o(.text)
    __aeabi_memset                           0x0800041b   Thumb Code    14  memseta.o(.text)
    __aeabi_memset4                          0x0800041b   Thumb Code     0  memseta.o(.text)
    __aeabi_memset8                          0x0800041b   Thumb Code     0  memseta.o(.text)
    __aeabi_memclr                           0x08000429   Thumb Code     4  memseta.o(.text)
    __aeabi_memclr4                          0x08000429   Thumb Code     0  memseta.o(.text)
    __aeabi_memclr8                          0x08000429   Thumb Code     0  memseta.o(.text)
    memset                                   0x0800042d   Thumb Code    18  memseta.o(.text)
    __aeabi_llsl                             0x0800043f   Thumb Code    30  llshl.o(.text)
    _ll_shift_l                              0x0800043f   Thumb Code     0  llshl.o(.text)
    __aeabi_llsr                             0x0800045d   Thumb Code    32  llushr.o(.text)
    _ll_ushift_r                             0x0800045d   Thumb Code     0  llushr.o(.text)
    __scatterload                            0x0800047d   Thumb Code    28  init.o(.text)
    __scatterload_rt2                        0x0800047d   Thumb Code     0  init.o(.text)
    __decompress                             0x080004a1   Thumb Code     0  __dczerorl2.o(.text)
    __decompress1                            0x080004a1   Thumb Code    86  __dczerorl2.o(.text)
    BSP_SD_GetCardInfo                       0x080004f9   Thumb Code     8  bsp_driver_sd.o(i.BSP_SD_GetCardInfo)
    BSP_SD_GetCardState                      0x08000505   Thumb Code    20  bsp_driver_sd.o(i.BSP_SD_GetCardState)
    BSP_SD_Init                              0x0800051d   Thumb Code    42  bsp_driver_sd.o(i.BSP_SD_Init)
    BSP_SD_IsDetected                        0x0800054d   Thumb Code    14  bsp_driver_sd.o(i.BSP_SD_IsDetected)
    BSP_SD_ReadBlocks_DMA                    0x0800055d   Thumb Code    24  bsp_driver_sd.o(i.BSP_SD_ReadBlocks_DMA)
    BSP_SD_ReadCpltCallback                  0x08000579   Thumb Code    24  sd_diskio.o(i.BSP_SD_ReadCpltCallback)
    BSP_SD_WriteBlocks_DMA                   0x08000595   Thumb Code    24  bsp_driver_sd.o(i.BSP_SD_WriteBlocks_DMA)
    BSP_SD_WriteCpltCallback                 0x080005b1   Thumb Code    24  sd_diskio.o(i.BSP_SD_WriteCpltCallback)
    BusFault_Handler                         0x080005cd   Thumb Code     2  stm32h7xx_it.o(i.BusFault_Handler)
    DebugMon_Handler                         0x080005cf   Thumb Code     2  stm32h7xx_it.o(i.DebugMon_Handler)
    Error_Handler                            0x080005d1   Thumb Code     4  main.o(i.Error_Handler)
    FATFS_LinkDriver                         0x080005d5   Thumb Code     6  ff_gen_drv.o(i.FATFS_LinkDriver)
    FATFS_LinkDriverEx                       0x080005dd   Thumb Code    58  ff_gen_drv.o(i.FATFS_LinkDriverEx)
    HAL_Delay                                0x0800061d   Thumb Code    32  stm32h7xx_hal.o(i.HAL_Delay)
    HAL_GPIO_Init                            0x08000641   Thumb Code   506  stm32h7xx_hal_gpio.o(i.HAL_GPIO_Init)
    HAL_GPIO_TogglePin                       0x0800086d   Thumb Code    16  stm32h7xx_hal_gpio.o(i.HAL_GPIO_TogglePin)
    HAL_GPIO_WritePin                        0x0800087d   Thumb Code    10  stm32h7xx_hal_gpio.o(i.HAL_GPIO_WritePin)
    HAL_GetREVID                             0x08000889   Thumb Code     8  stm32h7xx_hal.o(i.HAL_GetREVID)
    HAL_GetTick                              0x08000895   Thumb Code     6  stm32h7xx_hal.o(i.HAL_GetTick)
    HAL_IncTick                              0x080008a1   Thumb Code    12  stm32h7xx_hal.o(i.HAL_IncTick)
    HAL_Init                                 0x080008b1   Thumb Code    74  stm32h7xx_hal.o(i.HAL_Init)
    HAL_InitTick                             0x0800090d   Thumb Code   110  stm32h7xx_hal_timebase_tim.o(i.HAL_InitTick)
    HAL_MspInit                              0x08000991   Thumb Code    32  stm32h7xx_hal_msp.o(i.HAL_MspInit)
    HAL_NVIC_EnableIRQ                       0x080009b5   Thumb Code    26  stm32h7xx_hal_cortex.o(i.HAL_NVIC_EnableIRQ)
    HAL_NVIC_SetPriority                     0x080009d1   Thumb Code    60  stm32h7xx_hal_cortex.o(i.HAL_NVIC_SetPriority)
    HAL_NVIC_SetPriorityGrouping             0x08000a11   Thumb Code    28  stm32h7xx_hal_cortex.o(i.HAL_NVIC_SetPriorityGrouping)
    HAL_PWREx_ConfigSupply                   0x08000a35   Thumb Code    78  stm32h7xx_hal_pwr_ex.o(i.HAL_PWREx_ConfigSupply)
    HAL_RCCEx_GetD3PCLK1Freq                 0x08000a89   Thumb Code    26  stm32h7xx_hal_rcc_ex.o(i.HAL_RCCEx_GetD3PCLK1Freq)
    HAL_RCCEx_GetPLL1ClockFreq               0x08000aad   Thumb Code   298  stm32h7xx_hal_rcc_ex.o(i.HAL_RCCEx_GetPLL1ClockFreq)
    HAL_RCCEx_GetPLL2ClockFreq               0x08000bf5   Thumb Code   296  stm32h7xx_hal_rcc_ex.o(i.HAL_RCCEx_GetPLL2ClockFreq)
    HAL_RCCEx_GetPLL3ClockFreq               0x08000d39   Thumb Code   296  stm32h7xx_hal_rcc_ex.o(i.HAL_RCCEx_GetPLL3ClockFreq)
    HAL_RCCEx_GetPeriphCLKFreq               0x08000e7d   Thumb Code   596  stm32h7xx_hal_rcc_ex.o(i.HAL_RCCEx_GetPeriphCLKFreq)
    HAL_RCCEx_PeriphCLKConfig                0x080010e9   Thumb Code  2258  stm32h7xx_hal_rcc_ex.o(i.HAL_RCCEx_PeriphCLKConfig)
    HAL_RCC_ClockConfig                      0x080019bd   Thumb Code   580  stm32h7xx_hal_rcc.o(i.HAL_RCC_ClockConfig)
    HAL_RCC_GetClockConfig                   0x08001c19   Thumb Code    84  stm32h7xx_hal_rcc.o(i.HAL_RCC_GetClockConfig)
    HAL_RCC_GetHCLKFreq                      0x08001c75   Thumb Code    52  stm32h7xx_hal_rcc.o(i.HAL_RCC_GetHCLKFreq)
    HAL_RCC_GetPCLK1Freq                     0x08001cb9   Thumb Code    26  stm32h7xx_hal_rcc.o(i.HAL_RCC_GetPCLK1Freq)
    HAL_RCC_GetPCLK2Freq                     0x08001cdd   Thumb Code    26  stm32h7xx_hal_rcc.o(i.HAL_RCC_GetPCLK2Freq)
    HAL_RCC_GetSysClockFreq                  0x08001d01   Thumb Code   278  stm32h7xx_hal_rcc.o(i.HAL_RCC_GetSysClockFreq)
    HAL_RCC_OscConfig                        0x08001e39   Thumb Code  1322  stm32h7xx_hal_rcc.o(i.HAL_RCC_OscConfig)
    HAL_SDEx_Read_DMADoubleBuf0CpltCallback  0x08002369   Thumb Code     2  stm32h7xx_hal_sd.o(i.HAL_SDEx_Read_DMADoubleBuf0CpltCallback)
    HAL_SDEx_Read_DMADoubleBuf1CpltCallback  0x0800236b   Thumb Code     2  stm32h7xx_hal_sd.o(i.HAL_SDEx_Read_DMADoubleBuf1CpltCallback)
    HAL_SDEx_Write_DMADoubleBuf0CpltCallback 0x0800236d   Thumb Code     2  stm32h7xx_hal_sd.o(i.HAL_SDEx_Write_DMADoubleBuf0CpltCallback)
    HAL_SDEx_Write_DMADoubleBuf1CpltCallback 0x0800236f   Thumb Code     2  stm32h7xx_hal_sd.o(i.HAL_SDEx_Write_DMADoubleBuf1CpltCallback)
    HAL_SD_ConfigWideBusOperation            0x08002371   Thumb Code   378  stm32h7xx_hal_sd.o(i.HAL_SD_ConfigWideBusOperation)
    HAL_SD_ErrorCallback                     0x080024f9   Thumb Code     2  stm32h7xx_hal_sd.o(i.HAL_SD_ErrorCallback)
    HAL_SD_GetCardCSD                        0x080024fd   Thumb Code   440  stm32h7xx_hal_sd.o(i.HAL_SD_GetCardCSD)
    HAL_SD_GetCardInfo                       0x080026b9   Thumb Code    36  stm32h7xx_hal_sd.o(i.HAL_SD_GetCardInfo)
    HAL_SD_GetCardState                      0x080026dd   Thumb Code    44  stm32h7xx_hal_sd.o(i.HAL_SD_GetCardState)
    HAL_SD_GetCardStatus                     0x08002709   Thumb Code   198  stm32h7xx_hal_sd.o(i.HAL_SD_GetCardStatus)
    HAL_SD_IRQHandler                        0x080027d5   Thumb Code   570  stm32h7xx_hal_sd.o(i.HAL_SD_IRQHandler)
    HAL_SD_Init                              0x08002a15   Thumb Code   154  stm32h7xx_hal_sd.o(i.HAL_SD_Init)
    HAL_SD_InitCard                          0x08002ab1   Thumb Code   150  stm32h7xx_hal_sd.o(i.HAL_SD_InitCard)
    HAL_SD_MspInit                           0x08002b55   Thumb Code   204  sdmmc.o(i.HAL_SD_MspInit)
    HAL_SD_ReadBlocks_DMA                    0x08002c31   Thumb Code   212  stm32h7xx_hal_sd.o(i.HAL_SD_ReadBlocks_DMA)
    HAL_SD_RxCpltCallback                    0x08002d09   Thumb Code     8  bsp_driver_sd.o(i.HAL_SD_RxCpltCallback)
    HAL_SD_TxCpltCallback                    0x08002d11   Thumb Code     8  bsp_driver_sd.o(i.HAL_SD_TxCpltCallback)
    HAL_SD_WriteBlocks_DMA                   0x08002d19   Thumb Code   210  stm32h7xx_hal_sd.o(i.HAL_SD_WriteBlocks_DMA)
    HAL_SPI_Init                             0x08002df1   Thumb Code   330  stm32h7xx_hal_spi.o(i.HAL_SPI_Init)
    HAL_SPI_MspInit                          0x08002f49   Thumb Code   118  spi.o(i.HAL_SPI_MspInit)
    HAL_SPI_Receive                          0x08002fcd   Thumb Code   502  stm32h7xx_hal_spi.o(i.HAL_SPI_Receive)
    HAL_SPI_Transmit                         0x080031c3   Thumb Code   568  stm32h7xx_hal_spi.o(i.HAL_SPI_Transmit)
    HAL_SPI_TransmitReceive                  0x080033fb   Thumb Code   622  stm32h7xx_hal_spi.o(i.HAL_SPI_TransmitReceive)
    HAL_TIMEx_Break2Callback                 0x08003669   Thumb Code     2  stm32h7xx_hal_tim_ex.o(i.HAL_TIMEx_Break2Callback)
    HAL_TIMEx_BreakCallback                  0x0800366b   Thumb Code     2  stm32h7xx_hal_tim_ex.o(i.HAL_TIMEx_BreakCallback)
    HAL_TIMEx_CommutCallback                 0x0800366d   Thumb Code     2  stm32h7xx_hal_tim_ex.o(i.HAL_TIMEx_CommutCallback)
    HAL_TIMEx_MasterConfigSynchronization    0x08003671   Thumb Code   134  stm32h7xx_hal_tim_ex.o(i.HAL_TIMEx_MasterConfigSynchronization)
    HAL_TIM_Base_Init                        0x08003715   Thumb Code    98  stm32h7xx_hal_tim.o(i.HAL_TIM_Base_Init)
    HAL_TIM_Base_MspInit                     0x08003777   Thumb Code     2  stm32h7xx_hal_tim.o(i.HAL_TIM_Base_MspInit)
    HAL_TIM_Base_Start_IT                    0x08003779   Thumb Code   106  stm32h7xx_hal_tim.o(i.HAL_TIM_Base_Start_IT)
    HAL_TIM_IC_CaptureCallback               0x08003805   Thumb Code     2  stm32h7xx_hal_tim.o(i.HAL_TIM_IC_CaptureCallback)
    HAL_TIM_IRQHandler                       0x08003807   Thumb Code   386  stm32h7xx_hal_tim.o(i.HAL_TIM_IRQHandler)
    HAL_TIM_OC_DelayElapsedCallback          0x08003989   Thumb Code     2  stm32h7xx_hal_tim.o(i.HAL_TIM_OC_DelayElapsedCallback)
    HAL_TIM_PWM_ConfigChannel                0x0800398b   Thumb Code   292  stm32h7xx_hal_tim.o(i.HAL_TIM_PWM_ConfigChannel)
    HAL_TIM_PWM_Init                         0x08003aaf   Thumb Code    98  stm32h7xx_hal_tim.o(i.HAL_TIM_PWM_Init)
    HAL_TIM_PWM_MspInit                      0x08003b11   Thumb Code    30  tim.o(i.HAL_TIM_PWM_MspInit)
    HAL_TIM_PWM_PulseFinishedCallback        0x08003b39   Thumb Code     2  stm32h7xx_hal_tim.o(i.HAL_TIM_PWM_PulseFinishedCallback)
    HAL_TIM_PeriodElapsedCallback            0x08003b3d   Thumb Code    14  main.o(i.HAL_TIM_PeriodElapsedCallback)
    HAL_TIM_TriggerCallback                  0x08003b51   Thumb Code     2  stm32h7xx_hal_tim.o(i.HAL_TIM_TriggerCallback)
    HAL_UARTEx_DisableFifoMode               0x08003b53   Thumb Code    64  stm32h7xx_hal_uart_ex.o(i.HAL_UARTEx_DisableFifoMode)
    HAL_UARTEx_SetRxFifoThreshold            0x08003b93   Thumb Code    76  stm32h7xx_hal_uart_ex.o(i.HAL_UARTEx_SetRxFifoThreshold)
    HAL_UARTEx_SetTxFifoThreshold            0x08003bdf   Thumb Code    76  stm32h7xx_hal_uart_ex.o(i.HAL_UARTEx_SetTxFifoThreshold)
    HAL_UART_Init                            0x08003c2b   Thumb Code   106  stm32h7xx_hal_uart.o(i.HAL_UART_Init)
    HAL_UART_MspInit                         0x08003c95   Thumb Code   118  usart.o(i.HAL_UART_MspInit)
    HAL_UART_Transmit                        0x08003d19   Thumb Code   190  stm32h7xx_hal_uart.o(i.HAL_UART_Transmit)
    HardFault_Handler                        0x08003dd7   Thumb Code     2  stm32h7xx_it.o(i.HardFault_Handler)
    LCD_Init                                 0x08003dd9   Thumb Code    72  lcd.o(i.LCD_Init)
    LCD_STRing                               0x08003e31   Thumb Code    80  lcd.o(i.LCD_STRing)
    LCD_ShowChar                             0x08003e8d   Thumb Code   384  lcd.o(i.LCD_ShowChar)
    LCD_ShowString                           0x08004019   Thumb Code    92  lcd.o(i.LCD_ShowString)
    LedTask                                  0x08004075   Thumb Code    28  freertos.o(i.LedTask)
    MX_FATFS_Init                            0x080040a1   Thumb Code    18  fatfs.o(i.MX_FATFS_Init)
    MX_FREERTOS_Init                         0x080040bd   Thumb Code    32  freertos.o(i.MX_FREERTOS_Init)
    MX_GPIO_Init                             0x080040ed   Thumb Code   150  gpio.o(i.MX_GPIO_Init)
    MX_SDMMC1_SD_Init                        0x0800418d   Thumb Code    28  sdmmc.o(i.MX_SDMMC1_SD_Init)
    MX_SPI4_Init                             0x080041b1   Thumb Code    88  spi.o(i.MX_SPI4_Init)
    MX_TIM5_Init                             0x08004211   Thumb Code    98  tim.o(i.MX_TIM5_Init)
    MX_USART1_UART_Init                      0x0800427d   Thumb Code    94  usart.o(i.MX_USART1_UART_Init)
    MemManage_Handler                        0x080042e5   Thumb Code     2  stm32h7xx_it.o(i.MemManage_Handler)
    NMI_Handler                              0x080042e7   Thumb Code     2  stm32h7xx_it.o(i.NMI_Handler)
    SDMMC1_IRQHandler                        0x08004529   Thumb Code     6  stm32h7xx_it.o(i.SDMMC1_IRQHandler)
    SDMMC_CmdAppCommand                      0x08004535   Thumb Code    52  stm32h7xx_ll_sdmmc.o(i.SDMMC_CmdAppCommand)
    SDMMC_CmdAppOperCommand                  0x08004569   Thumb Code    46  stm32h7xx_ll_sdmmc.o(i.SDMMC_CmdAppOperCommand)
    SDMMC_CmdBlockLength                     0x08004597   Thumb Code    50  stm32h7xx_ll_sdmmc.o(i.SDMMC_CmdBlockLength)
    SDMMC_CmdBusWidth                        0x080045c9   Thumb Code    52  stm32h7xx_ll_sdmmc.o(i.SDMMC_CmdBusWidth)
    SDMMC_CmdGoIdleState                     0x080045fd   Thumb Code    74  stm32h7xx_ll_sdmmc.o(i.SDMMC_CmdGoIdleState)
    SDMMC_CmdOperCond                        0x08004651   Thumb Code    40  stm32h7xx_ll_sdmmc.o(i.SDMMC_CmdOperCond)
    SDMMC_CmdReadMultiBlock                  0x08004679   Thumb Code    52  stm32h7xx_ll_sdmmc.o(i.SDMMC_CmdReadMultiBlock)
    SDMMC_CmdReadSingleBlock                 0x080046ad   Thumb Code    52  stm32h7xx_ll_sdmmc.o(i.SDMMC_CmdReadSingleBlock)
    SDMMC_CmdSelDesel                        0x080046e1   Thumb Code    52  stm32h7xx_ll_sdmmc.o(i.SDMMC_CmdSelDesel)
    SDMMC_CmdSendCID                         0x08004715   Thumb Code    44  stm32h7xx_ll_sdmmc.o(i.SDMMC_CmdSendCID)
    SDMMC_CmdSendCSD                         0x08004741   Thumb Code    48  stm32h7xx_ll_sdmmc.o(i.SDMMC_CmdSendCSD)
    SDMMC_CmdSendSCR                         0x08004771   Thumb Code    50  stm32h7xx_ll_sdmmc.o(i.SDMMC_CmdSendSCR)
    SDMMC_CmdSendStatus                      0x080047a3   Thumb Code    52  stm32h7xx_ll_sdmmc.o(i.SDMMC_CmdSendStatus)
    SDMMC_CmdSetRelAdd                       0x080047d7   Thumb Code    50  stm32h7xx_ll_sdmmc.o(i.SDMMC_CmdSetRelAdd)
    SDMMC_CmdStatusRegister                  0x08004809   Thumb Code    50  stm32h7xx_ll_sdmmc.o(i.SDMMC_CmdStatusRegister)
    SDMMC_CmdStopTransfer                    0x0800483d   Thumb Code    78  stm32h7xx_ll_sdmmc.o(i.SDMMC_CmdStopTransfer)
    SDMMC_CmdWriteMultiBlock                 0x08004891   Thumb Code    52  stm32h7xx_ll_sdmmc.o(i.SDMMC_CmdWriteMultiBlock)
    SDMMC_CmdWriteSingleBlock                0x080048c5   Thumb Code    52  stm32h7xx_ll_sdmmc.o(i.SDMMC_CmdWriteSingleBlock)
    SDMMC_ConfigData                         0x080048f9   Thumb Code    38  stm32h7xx_ll_sdmmc.o(i.SDMMC_ConfigData)
    SDMMC_GetCmdResp1                        0x08004921   Thumb Code   280  stm32h7xx_ll_sdmmc.o(i.SDMMC_GetCmdResp1)
    SDMMC_GetCmdResp2                        0x08004a45   Thumb Code    76  stm32h7xx_ll_sdmmc.o(i.SDMMC_GetCmdResp2)
    SDMMC_GetCmdResp3                        0x08004a99   Thumb Code    62  stm32h7xx_ll_sdmmc.o(i.SDMMC_GetCmdResp3)
    SDMMC_GetCmdResp6                        0x08004ae1   Thumb Code   130  stm32h7xx_ll_sdmmc.o(i.SDMMC_GetCmdResp6)
    SDMMC_GetCmdResp7                        0x08004b6d   Thumb Code    82  stm32h7xx_ll_sdmmc.o(i.SDMMC_GetCmdResp7)
    SDMMC_GetPowerState                      0x08004bc5   Thumb Code     8  stm32h7xx_ll_sdmmc.o(i.SDMMC_GetPowerState)
    SDMMC_GetResponse                        0x08004bcd   Thumb Code     6  stm32h7xx_ll_sdmmc.o(i.SDMMC_GetResponse)
    SDMMC_Init                               0x08004bd5   Thumb Code    28  stm32h7xx_ll_sdmmc.o(i.SDMMC_Init)
    SDMMC_PowerState_ON                      0x08004bf5   Thumb Code    12  stm32h7xx_ll_sdmmc.o(i.SDMMC_PowerState_ON)
    SDMMC_ReadFIFO                           0x08004c01   Thumb Code     6  stm32h7xx_ll_sdmmc.o(i.SDMMC_ReadFIFO)
    SDMMC_SendCommand                        0x08004c09   Thumb Code    34  stm32h7xx_ll_sdmmc.o(i.SDMMC_SendCommand)
    SDMMC_WriteFIFO                          0x08004c31   Thumb Code    10  stm32h7xx_ll_sdmmc.o(i.SDMMC_WriteFIFO)
    SD_initialize                            0x08004ff5   Thumb Code    68  sd_diskio.o(i.SD_initialize)
    SD_ioctl                                 0x0800503d   Thumb Code    84  sd_diskio.o(i.SD_ioctl)
    SD_read                                  0x08005095   Thumb Code    98  sd_diskio.o(i.SD_read)
    SD_status                                0x080050fd   Thumb Code     4  sd_diskio.o(i.SD_status)
    SD_write                                 0x08005101   Thumb Code    98  sd_diskio.o(i.SD_write)
    ST7735_DeInit                            0x08005267   Thumb Code     4  st7735.o(i.ST7735_DeInit)
    ST7735_DisplayOff                        0x0800526d   Thumb Code   118  st7735.o(i.ST7735_DisplayOff)
    ST7735_DisplayOn                         0x080052ed   Thumb Code   118  st7735.o(i.ST7735_DisplayOn)
    ST7735_DrawBitmap                        0x0800536d   Thumb Code   304  st7735.o(i.ST7735_DrawBitmap)
    ST7735_DrawHLine                         0x080054a5   Thumb Code    86  st7735.o(i.ST7735_DrawHLine)
    ST7735_DrawVLine                         0x08005505   Thumb Code    66  st7735.o(i.ST7735_DrawVLine)
    ST7735_FillRGBRect                       0x0800554d   Thumb Code   124  st7735.o(i.ST7735_FillRGBRect)
    ST7735_FillRect                          0x080055d1   Thumb Code    60  st7735.o(i.ST7735_FillRect)
    ST7735_GetBrightness                     0x0800560d   Thumb Code     6  st7735.o(i.ST7735_GetBrightness)
    ST7735_GetOrientation                    0x08005615   Thumb Code    10  st7735.o(i.ST7735_GetOrientation)
    ST7735_GetPixel                          0x08005625   Thumb Code    86  st7735.o(i.ST7735_GetPixel)
    ST7735_GetXSize                          0x0800567d   Thumb Code    10  st7735.o(i.ST7735_GetXSize)
    ST7735_GetYSize                          0x0800568d   Thumb Code    10  st7735.o(i.ST7735_GetYSize)
    ST7735_Init                              0x080056b7   Thumb Code  1202  st7735.o(i.ST7735_Init)
    ST7735_ReadID                            0x08005b69   Thumb Code    74  st7735.o(i.ST7735_ReadID)
    ST7735_RegisterBusIO                     0x08005bd1   Thumb Code    70  st7735.o(i.ST7735_RegisterBusIO)
    ST7735_SetBrightness                     0x08005c37   Thumb Code     6  st7735.o(i.ST7735_SetBrightness)
    ST7735_SetCursor                         0x08005c3d   Thumb Code   200  st7735.o(i.ST7735_SetCursor)
    ST7735_SetOrientation                    0x08005e21   Thumb Code   150  st7735.o(i.ST7735_SetOrientation)
    ST7735_SetPixel                          0x08005ec1   Thumb Code    68  st7735.o(i.ST7735_SetPixel)
    SysTick_Handler                          0x08005f1d   Thumb Code    26  cmsis_os2.o(i.SysTick_Handler)
    SystemClock_Config                       0x08005f39   Thumb Code   210  main.o(i.SystemClock_Config)
    SystemInit                               0x08006019   Thumb Code   180  system_stm32h7xx.o(i.SystemInit)
    TIM16_IRQHandler                         0x080060f5   Thumb Code     6  stm32h7xx_it.o(i.TIM16_IRQHandler)
    TIM_Base_SetConfig                       0x08006101   Thumb Code   162  stm32h7xx_hal_tim.o(i.TIM_Base_SetConfig)
    TIM_OC2_SetConfig                        0x0800626d   Thumb Code   126  stm32h7xx_hal_tim.o(i.TIM_OC2_SetConfig)
    UART_AdvFeatureConfig                    0x08006541   Thumb Code   200  stm32h7xx_hal_uart.o(i.UART_AdvFeatureConfig)
    UART_CheckIdleState                      0x08006609   Thumb Code    96  stm32h7xx_hal_uart.o(i.UART_CheckIdleState)
    UART_SetConfig                           0x08006669   Thumb Code   876  stm32h7xx_hal_uart.o(i.UART_SetConfig)
    UART_WaitOnFlagUntilTimeout              0x08006a15   Thumb Code   202  stm32h7xx_hal_uart.o(i.UART_WaitOnFlagUntilTimeout)
    UsageFault_Handler                       0x08006adf   Thumb Code     2  stm32h7xx_it.o(i.UsageFault_Handler)
    __0printf$0                              0x08006ae1   Thumb Code    22  printf0.o(i.__0printf$0)
    __1printf$0                              0x08006ae1   Thumb Code     0  printf0.o(i.__0printf$0)
    __2printf                                0x08006ae1   Thumb Code     0  printf0.o(i.__0printf$0)
    __0sprintf$0                             0x08006b01   Thumb Code    34  printf0.o(i.__0sprintf$0)
    __1sprintf$0                             0x08006b01   Thumb Code     0  printf0.o(i.__0sprintf$0)
    __2sprintf                               0x08006b01   Thumb Code     0  printf0.o(i.__0sprintf$0)
    __scatterload_copy                       0x08006b4b   Thumb Code    14  handlers.o(i.__scatterload_copy)
    __scatterload_null                       0x08006b59   Thumb Code     2  handlers.o(i.__scatterload_null)
    __scatterload_zeroinit                   0x08006b5b   Thumb Code    14  handlers.o(i.__scatterload_zeroinit)
    fputc                                    0x08006ba1   Thumb Code    24  usart.o(i.fputc)
    free                                     0x08006bbd   Thumb Code    76  malloc.o(i.free)
    main                                     0x08006d89   Thumb Code    94  main.o(i.main)
    malloc                                   0x08006e09   Thumb Code    92  malloc.o(i.malloc)
    osDelay                                  0x08006e75   Thumb Code    28  cmsis_os2.o(i.osDelay)
    osKernelGetState                         0x08006e91   Thumb Code    28  cmsis_os2.o(i.osKernelGetState)
    osKernelGetTickCount                     0x08006eb1   Thumb Code    14  cmsis_os2.o(i.osKernelGetTickCount)
    osKernelInitialize                       0x08006ec1   Thumb Code    32  cmsis_os2.o(i.osKernelInitialize)
    osKernelStart                            0x08006ee5   Thumb Code    48  cmsis_os2.o(i.osKernelStart)
    osMessageQueueGet                        0x08006f1d   Thumb Code    96  cmsis_os2.o(i.osMessageQueueGet)
    osMessageQueueNew                        0x08006f81   Thumb Code    88  cmsis_os2.o(i.osMessageQueueNew)
    osMessageQueuePut                        0x08006fd9   Thumb Code   100  cmsis_os2.o(i.osMessageQueuePut)
    osThreadNew                              0x08007041   Thumb Code   144  cmsis_os2.o(i.osThreadNew)
    pvPortMalloc                             0x08007869   Thumb Code   216  heap_4.o(i.pvPortMalloc)
    pxPortInitialiseStack                    0x08007945   Thumb Code    42  port.o(i.pxPortInitialiseStack)
    sdCardUpdata                             0x08007975   Thumb Code    12  freertos.o(i.sdCardUpdata)
    st7735_read_reg                          0x08007981   Thumb Code    14  st7735_reg.o(i.st7735_read_reg)
    st7735_recv_data                         0x0800798f   Thumb Code    14  st7735_reg.o(i.st7735_recv_data)
    st7735_send_data                         0x0800799d   Thumb Code    14  st7735_reg.o(i.st7735_send_data)
    st7735_write_reg                         0x080079ab   Thumb Code    14  st7735_reg.o(i.st7735_write_reg)
    uxListRemove                             0x080079b9   Thumb Code    38  list.o(i.uxListRemove)
    vApplicationGetIdleTaskMemory            0x080079e1   Thumb Code    18  cmsis_os2.o(i.vApplicationGetIdleTaskMemory)
    vApplicationGetTimerTaskMemory           0x080079f9   Thumb Code    20  cmsis_os2.o(i.vApplicationGetTimerTaskMemory)
    vListInitialise                          0x08007a11   Thumb Code    22  list.o(i.vListInitialise)
    vListInitialiseItem                      0x08007a27   Thumb Code     6  list.o(i.vListInitialiseItem)
    vListInsert                              0x08007a2d   Thumb Code    48  list.o(i.vListInsert)
    vListInsertEnd                           0x08007a5d   Thumb Code    24  list.o(i.vListInsertEnd)
    vPortEnterCritical                       0x08007a75   Thumb Code    54  port.o(i.vPortEnterCritical)
    vPortExitCritical                        0x08007ab5   Thumb Code    34  port.o(i.vPortExitCritical)
    vPortFree                                0x08007add   Thumb Code    94  heap_4.o(i.vPortFree)
    vPortSetupTimerInterrupt                 0x08007b41   Thumb Code    32  port.o(i.vPortSetupTimerInterrupt)
    vPortValidateInterruptPriority           0x08007b65   Thumb Code    74  port.o(i.vPortValidateInterruptPriority)
    vQueueAddToRegistry                      0x08007bb9   Thumb Code    34  queue.o(i.vQueueAddToRegistry)
    vQueueWaitForMessageRestricted           0x08007be1   Thumb Code    68  queue.o(i.vQueueWaitForMessageRestricted)
    vTaskDelay                               0x08007c25   Thumb Code    66  tasks.o(i.vTaskDelay)
    vTaskInternalSetTimeOutState             0x08007c71   Thumb Code    12  tasks.o(i.vTaskInternalSetTimeOutState)
    vTaskMissedYield                         0x08007c81   Thumb Code     8  tasks.o(i.vTaskMissedYield)
    vTaskPlaceOnEventList                    0x08007c8d   Thumb Code    44  tasks.o(i.vTaskPlaceOnEventList)
    vTaskPlaceOnEventListRestricted          0x08007cbd   Thumb Code    52  tasks.o(i.vTaskPlaceOnEventListRestricted)
    vTaskStartScheduler                      0x08007cf5   Thumb Code   118  tasks.o(i.vTaskStartScheduler)
    vTaskSuspendAll                          0x08007d7d   Thumb Code    10  tasks.o(i.vTaskSuspendAll)
    vTaskSwitchContext                       0x08007d8d   Thumb Code    90  tasks.o(i.vTaskSwitchContext)
    xPortStartScheduler                      0x08007df1   Thumb Code   222  port.o(i.xPortStartScheduler)
    xPortSysTickHandler                      0x08007ee5   Thumb Code    38  port.o(i.xPortSysTickHandler)
    xQueueGenericCreate                      0x08007f11   Thumb Code    66  queue.o(i.xQueueGenericCreate)
    xQueueGenericCreateStatic                0x08007f53   Thumb Code   102  queue.o(i.xQueueGenericCreateStatic)
    xQueueGenericReset                       0x08007fb9   Thumb Code   144  queue.o(i.xQueueGenericReset)
    xQueueGenericSend                        0x0800804d   Thumb Code   346  queue.o(i.xQueueGenericSend)
    xQueueGenericSendFromISR                 0x080081ad   Thumb Code   190  queue.o(i.xQueueGenericSendFromISR)
    xQueueReceive                            0x0800826d   Thumb Code   310  queue.o(i.xQueueReceive)
    xQueueReceiveFromISR                     0x080083a9   Thumb Code   156  queue.o(i.xQueueReceiveFromISR)
    xTaskCheckForTimeOut                     0x08008445   Thumb Code   116  tasks.o(i.xTaskCheckForTimeOut)
    xTaskCreate                              0x080084bd   Thumb Code    90  tasks.o(i.xTaskCreate)
    xTaskCreateStatic                        0x08008517   Thumb Code    86  tasks.o(i.xTaskCreateStatic)
    xTaskGetSchedulerState                   0x0800856d   Thumb Code    22  tasks.o(i.xTaskGetSchedulerState)
    xTaskGetTickCount                        0x08008589   Thumb Code     6  tasks.o(i.xTaskGetTickCount)
    xTaskGetTickCountFromISR                 0x08008595   Thumb Code    12  tasks.o(i.xTaskGetTickCountFromISR)
    xTaskIncrementTick                       0x080085a5   Thumb Code   192  tasks.o(i.xTaskIncrementTick)
    xTaskPriorityDisinherit                  0x0800866d   Thumb Code   116  tasks.o(i.xTaskPriorityDisinherit)
    xTaskRemoveFromEventList                 0x080086e9   Thumb Code   100  tasks.o(i.xTaskRemoveFromEventList)
    xTaskResumeAll                           0x08008759   Thumb Code   184  tasks.o(i.xTaskResumeAll)
    xTimerCreateTimerTask                    0x0800881d   Thumb Code    78  timers.o(i.xTimerCreateTimerTask)
    xTimerGenericCommand                     0x0800887d   Thumb Code    98  timers.o(i.xTimerGenericCommand)
    asc2_1206                                0x080088e4   Data        1140  lcd.o(.constdata)
    asc2_1608                                0x08008d58   Data        1520  lcd.o(.constdata)
    LEDTASK_attributes                       0x08009348   Data          36  freertos.o(.constdata)
    SD_TASK_attributes                       0x0800936c   Data          36  freertos.o(.constdata)
    SD_Driver                                0x08009390   Data          20  sd_diskio.o(.constdata)
    UARTPrescTable                           0x080093a4   Data          24  stm32h7xx_hal_uart.o(.constdata)
    D1CorePrescTable                         0x080093cc   Data          16  system_stm32h7xx.o(.constdata)
    Region$$Table$$Base                      0x080093ec   Number         0  anon$$obj.o(Region$$Table)
    Region$$Table$$Limit                     0x0800940c   Number         0  anon$$obj.o(Region$$Table)
    ST7735_LCD_Driver                        0x24000000   Data          76  st7735.o(.data)
    st7735_id                                0x2400006c   Data           4  lcd.o(.data)
    st7735_pIO                               0x24000070   Data          32  lcd.o(.data)
    LEDTASKHandle                            0x24000090   Data           4  freertos.o(.data)
    SD_TASKHandle                            0x24000094   Data           4  freertos.o(.data)
    retSD                                    0x240000a0   Data           1  fatfs.o(.data)
    SDPath                                   0x240000a1   Data           4  fatfs.o(.data)
    uwTickFreq                               0x240000a8   Data           1  stm32h7xx_hal.o(.data)
    uwTickPrio                               0x240000ac   Data           4  stm32h7xx_hal.o(.data)
    uwTick                                   0x240000b0   Data           4  stm32h7xx_hal.o(.data)
    SystemCoreClock                          0x240000b4   Data           4  system_stm32h7xx.o(.data)
    SystemD2Clock                            0x240000b8   Data           4  system_stm32h7xx.o(.data)
    pxCurrentTCB                             0x240000bc   Data           4  tasks.o(.data)
    __stdout                                 0x2400013c   Data           4  stdout.o(.data)
    __microlib_freelist                      0x24000140   Data           4  mvars.o(.data)
    __microlib_freelist_initialised          0x24000144   Data           4  mvars.o(.data)
    ST7735Ctx                                0x24000648   Data          16  st7735.o(.bss)
    st7735_pObj                              0x24000658   Data          56  lcd.o(.bss)
    hsd1                                     0x24000690   Data         124  sdmmc.o(.bss)
    hspi4                                    0x2400070c   Data         136  spi.o(.bss)
    htim5                                    0x24000794   Data          76  tim.o(.bss)
    huart1                                   0x240007e0   Data         144  usart.o(.bss)
    htim16                                   0x24000870   Data          76  stm32h7xx_hal_timebase_tim.o(.bss)
    disk                                     0x240008bc   Data          12  ff_gen_drv.o(.bss)
    xQueueRegistry                           0x240008c8   Data          64  queue.o(.bss)
    __heap_base                              0x240051a0   Data           0  startup_stm32h750xx.o(HEAP)
    __heap_limit                             0x240061a0   Data           0  startup_stm32h750xx.o(HEAP)
    __initial_sp                             0x240071a0   Data           0  startup_stm32h750xx.o(STACK)



==============================================================================

Memory Map of the image

  Image Entry point : 0x08000299

  Load Region LR_IROM1 (Base: 0x08000000, Size: 0x00009554, Max: 0x00020000, ABSOLUTE, COMPRESSED[0x00009484])

    Execution Region ER_IROM1 (Exec base: 0x08000000, Load base: 0x08000000, Size: 0x0000940c, Max: 0x00020000, ABSOLUTE)

    Exec Addr    Load Addr    Size         Type   Attr      Idx    E Section Name        Object

    0x08000000   0x08000000   0x00000298   Data   RO            3    RESET               startup_stm32h750xx.o
    0x08000298   0x08000298   0x00000000   Code   RO         8571  * .ARM.Collect$$$$00000000  mc_w.l(entry.o)
    0x08000298   0x08000298   0x00000004   Code   RO         8873    .ARM.Collect$$$$00000001  mc_w.l(entry2.o)
    0x0800029c   0x0800029c   0x00000004   Code   RO         8876    .ARM.Collect$$$$00000004  mc_w.l(entry5.o)
    0x080002a0   0x080002a0   0x00000000   Code   RO         8878    .ARM.Collect$$$$00000008  mc_w.l(entry7b.o)
    0x080002a0   0x080002a0   0x00000000   Code   RO         8880    .ARM.Collect$$$$0000000A  mc_w.l(entry8b.o)
    0x080002a0   0x080002a0   0x00000008   Code   RO         8881    .ARM.Collect$$$$0000000B  mc_w.l(entry9a.o)
    0x080002a8   0x080002a8   0x00000004   Code   RO         8888    .ARM.Collect$$$$0000000E  mc_w.l(entry12b.o)
    0x080002ac   0x080002ac   0x00000000   Code   RO         8883    .ARM.Collect$$$$0000000F  mc_w.l(entry10a.o)
    0x080002ac   0x080002ac   0x00000000   Code   RO         8885    .ARM.Collect$$$$00000011  mc_w.l(entry11a.o)
    0x080002ac   0x080002ac   0x00000004   Code   RO         8874    .ARM.Collect$$$$00002712  mc_w.l(entry2.o)
    0x080002b0   0x080002b0   0x000000be   Code   RO         8494    .emb_text           port.o
    0x0800036e   0x0800036e   0x00000002   PAD
    0x08000370   0x08000370   0x00000024   Code   RO            4    .text               startup_stm32h750xx.o
    0x08000394   0x08000394   0x00000062   Code   RO         8574    .text               mc_w.l(uldiv.o)
    0x080003f6   0x080003f6   0x00000024   Code   RO         8576    .text               mc_w.l(memcpya.o)
    0x0800041a   0x0800041a   0x00000024   Code   RO         8580    .text               mc_w.l(memseta.o)
    0x0800043e   0x0800043e   0x0000001e   Code   RO         8892    .text               mc_w.l(llshl.o)
    0x0800045c   0x0800045c   0x00000020   Code   RO         8894    .text               mc_w.l(llushr.o)
    0x0800047c   0x0800047c   0x00000024   Code   RO         8909    .text               mc_w.l(init.o)
    0x080004a0   0x080004a0   0x00000056   Code   RO         8923    .text               mc_w.l(__dczerorl2.o)
    0x080004f6   0x080004f6   0x00000002   PAD
    0x080004f8   0x080004f8   0x0000000c   Code   RO         1059    i.BSP_SD_GetCardInfo  bsp_driver_sd.o
    0x08000504   0x08000504   0x00000018   Code   RO         1060    i.BSP_SD_GetCardState  bsp_driver_sd.o
    0x0800051c   0x0800051c   0x00000030   Code   RO         1062    i.BSP_SD_Init       bsp_driver_sd.o
    0x0800054c   0x0800054c   0x0000000e   Code   RO         1063    i.BSP_SD_IsDetected  bsp_driver_sd.o
    0x0800055a   0x0800055a   0x00000002   PAD
    0x0800055c   0x0800055c   0x0000001c   Code   RO         1065    i.BSP_SD_ReadBlocks_DMA  bsp_driver_sd.o
    0x08000578   0x08000578   0x0000001c   Code   RO         1172    i.BSP_SD_ReadCpltCallback  sd_diskio.o
    0x08000594   0x08000594   0x0000001c   Code   RO         1068    i.BSP_SD_WriteBlocks_DMA  bsp_driver_sd.o
    0x080005b0   0x080005b0   0x0000001c   Code   RO         1173    i.BSP_SD_WriteCpltCallback  sd_diskio.o
    0x080005cc   0x080005cc   0x00000002   Code   RO          881    i.BusFault_Handler  stm32h7xx_it.o
    0x080005ce   0x080005ce   0x00000002   Code   RO          882    i.DebugMon_Handler  stm32h7xx_it.o
    0x080005d0   0x080005d0   0x00000004   Code   RO          492    i.Error_Handler     main.o
    0x080005d4   0x080005d4   0x00000006   Code   RO         6689    i.FATFS_LinkDriver  ff_gen_drv.o
    0x080005da   0x080005da   0x00000002   PAD
    0x080005dc   0x080005dc   0x00000040   Code   RO         6690    i.FATFS_LinkDriverEx  ff_gen_drv.o
    0x0800061c   0x0800061c   0x00000024   Code   RO         2778    i.HAL_Delay         stm32h7xx_hal.o
    0x08000640   0x08000640   0x0000022c   Code   RO         1917    i.HAL_GPIO_Init     stm32h7xx_hal_gpio.o
    0x0800086c   0x0800086c   0x00000010   Code   RO         1920    i.HAL_GPIO_TogglePin  stm32h7xx_hal_gpio.o
    0x0800087c   0x0800087c   0x0000000a   Code   RO         1921    i.HAL_GPIO_WritePin  stm32h7xx_hal_gpio.o
    0x08000886   0x08000886   0x00000002   PAD
    0x08000888   0x08000888   0x0000000c   Code   RO         2789    i.HAL_GetREVID      stm32h7xx_hal.o
    0x08000894   0x08000894   0x0000000c   Code   RO         2790    i.HAL_GetTick       stm32h7xx_hal.o
    0x080008a0   0x080008a0   0x00000010   Code   RO         2796    i.HAL_IncTick       stm32h7xx_hal.o
    0x080008b0   0x080008b0   0x0000005c   Code   RO         2797    i.HAL_Init          stm32h7xx_hal.o
    0x0800090c   0x0800090c   0x00000084   Code   RO          975    i.HAL_InitTick      stm32h7xx_hal_timebase_tim.o
    0x08000990   0x08000990   0x00000024   Code   RO          951    i.HAL_MspInit       stm32h7xx_hal_msp.o
    0x080009b4   0x080009b4   0x0000001a   Code   RO         1309    i.HAL_NVIC_EnableIRQ  stm32h7xx_hal_cortex.o
    0x080009ce   0x080009ce   0x00000002   PAD
    0x080009d0   0x080009d0   0x00000040   Code   RO         1315    i.HAL_NVIC_SetPriority  stm32h7xx_hal_cortex.o
    0x08000a10   0x08000a10   0x00000024   Code   RO         1316    i.HAL_NVIC_SetPriorityGrouping  stm32h7xx_hal_cortex.o
    0x08000a34   0x08000a34   0x00000054   Code   RO         2518    i.HAL_PWREx_ConfigSupply  stm32h7xx_hal_pwr_ex.o
    0x08000a88   0x08000a88   0x00000024   Code   RO         1560    i.HAL_RCCEx_GetD3PCLK1Freq  stm32h7xx_hal_rcc_ex.o
    0x08000aac   0x08000aac   0x00000148   Code   RO         1561    i.HAL_RCCEx_GetPLL1ClockFreq  stm32h7xx_hal_rcc_ex.o
    0x08000bf4   0x08000bf4   0x00000144   Code   RO         1562    i.HAL_RCCEx_GetPLL2ClockFreq  stm32h7xx_hal_rcc_ex.o
    0x08000d38   0x08000d38   0x00000144   Code   RO         1563    i.HAL_RCCEx_GetPLL3ClockFreq  stm32h7xx_hal_rcc_ex.o
    0x08000e7c   0x08000e7c   0x0000026c   Code   RO         1565    i.HAL_RCCEx_GetPeriphCLKFreq  stm32h7xx_hal_rcc_ex.o
    0x080010e8   0x080010e8   0x000008d2   Code   RO         1569    i.HAL_RCCEx_PeriphCLKConfig  stm32h7xx_hal_rcc_ex.o
    0x080019ba   0x080019ba   0x00000002   PAD
    0x080019bc   0x080019bc   0x0000025c   Code   RO         1445    i.HAL_RCC_ClockConfig  stm32h7xx_hal_rcc.o
    0x08001c18   0x08001c18   0x0000005c   Code   RO         1449    i.HAL_RCC_GetClockConfig  stm32h7xx_hal_rcc.o
    0x08001c74   0x08001c74   0x00000044   Code   RO         1450    i.HAL_RCC_GetHCLKFreq  stm32h7xx_hal_rcc.o
    0x08001cb8   0x08001cb8   0x00000024   Code   RO         1452    i.HAL_RCC_GetPCLK1Freq  stm32h7xx_hal_rcc.o
    0x08001cdc   0x08001cdc   0x00000024   Code   RO         1453    i.HAL_RCC_GetPCLK2Freq  stm32h7xx_hal_rcc.o
    0x08001d00   0x08001d00   0x00000138   Code   RO         1454    i.HAL_RCC_GetSysClockFreq  stm32h7xx_hal_rcc.o
    0x08001e38   0x08001e38   0x00000530   Code   RO         1457    i.HAL_RCC_OscConfig  stm32h7xx_hal_rcc.o
    0x08002368   0x08002368   0x00000002   Code   RO         4011    i.HAL_SDEx_Read_DMADoubleBuf0CpltCallback  stm32h7xx_hal_sd.o
    0x0800236a   0x0800236a   0x00000002   Code   RO         4012    i.HAL_SDEx_Read_DMADoubleBuf1CpltCallback  stm32h7xx_hal_sd.o
    0x0800236c   0x0800236c   0x00000002   Code   RO         4013    i.HAL_SDEx_Write_DMADoubleBuf0CpltCallback  stm32h7xx_hal_sd.o
    0x0800236e   0x0800236e   0x00000002   Code   RO         4014    i.HAL_SDEx_Write_DMADoubleBuf1CpltCallback  stm32h7xx_hal_sd.o
    0x08002370   0x08002370   0x00000188   Code   RO         4019    i.HAL_SD_ConfigWideBusOperation  stm32h7xx_hal_sd.o
    0x080024f8   0x080024f8   0x00000002   Code   RO         4022    i.HAL_SD_ErrorCallback  stm32h7xx_hal_sd.o
    0x080024fa   0x080024fa   0x00000002   PAD
    0x080024fc   0x080024fc   0x000001bc   Code   RO         4024    i.HAL_SD_GetCardCSD  stm32h7xx_hal_sd.o
    0x080026b8   0x080026b8   0x00000024   Code   RO         4025    i.HAL_SD_GetCardInfo  stm32h7xx_hal_sd.o
    0x080026dc   0x080026dc   0x0000002c   Code   RO         4026    i.HAL_SD_GetCardState  stm32h7xx_hal_sd.o
    0x08002708   0x08002708   0x000000cc   Code   RO         4027    i.HAL_SD_GetCardStatus  stm32h7xx_hal_sd.o
    0x080027d4   0x080027d4   0x00000240   Code   RO         4030    i.HAL_SD_IRQHandler  stm32h7xx_hal_sd.o
    0x08002a14   0x08002a14   0x0000009a   Code   RO         4031    i.HAL_SD_Init       stm32h7xx_hal_sd.o
    0x08002aae   0x08002aae   0x00000002   PAD
    0x08002ab0   0x08002ab0   0x000000a4   Code   RO         4032    i.HAL_SD_InitCard   stm32h7xx_hal_sd.o
    0x08002b54   0x08002b54   0x000000dc   Code   RO          704    i.HAL_SD_MspInit    sdmmc.o
    0x08002c30   0x08002c30   0x000000d8   Code   RO         4036    i.HAL_SD_ReadBlocks_DMA  stm32h7xx_hal_sd.o
    0x08002d08   0x08002d08   0x00000008   Code   RO         1071    i.HAL_SD_RxCpltCallback  bsp_driver_sd.o
    0x08002d10   0x08002d10   0x00000008   Code   RO         1072    i.HAL_SD_TxCpltCallback  bsp_driver_sd.o
    0x08002d18   0x08002d18   0x000000d8   Code   RO         4041    i.HAL_SD_WriteBlocks_DMA  stm32h7xx_hal_sd.o
    0x08002df0   0x08002df0   0x00000158   Code   RO         4299    i.HAL_SPI_Init      stm32h7xx_hal_spi.o
    0x08002f48   0x08002f48   0x00000084   Code   RO          746    i.HAL_SPI_MspInit   spi.o
    0x08002fcc   0x08002fcc   0x000001f6   Code   RO         4302    i.HAL_SPI_Receive   stm32h7xx_hal_spi.o
    0x080031c2   0x080031c2   0x00000238   Code   RO         4307    i.HAL_SPI_Transmit  stm32h7xx_hal_spi.o
    0x080033fa   0x080033fa   0x0000026e   Code   RO         4308    i.HAL_SPI_TransmitReceive  stm32h7xx_hal_spi.o
    0x08003668   0x08003668   0x00000002   Code   RO         5327    i.HAL_TIMEx_Break2Callback  stm32h7xx_hal_tim_ex.o
    0x0800366a   0x0800366a   0x00000002   Code   RO         5328    i.HAL_TIMEx_BreakCallback  stm32h7xx_hal_tim_ex.o
    0x0800366c   0x0800366c   0x00000002   Code   RO         5329    i.HAL_TIMEx_CommutCallback  stm32h7xx_hal_tim_ex.o
    0x0800366e   0x0800366e   0x00000002   PAD
    0x08003670   0x08003670   0x000000a4   Code   RO         5349    i.HAL_TIMEx_MasterConfigSynchronization  stm32h7xx_hal_tim_ex.o
    0x08003714   0x08003714   0x00000062   Code   RO         4613    i.HAL_TIM_Base_Init  stm32h7xx_hal_tim.o
    0x08003776   0x08003776   0x00000002   Code   RO         4615    i.HAL_TIM_Base_MspInit  stm32h7xx_hal_tim.o
    0x08003778   0x08003778   0x0000008c   Code   RO         4618    i.HAL_TIM_Base_Start_IT  stm32h7xx_hal_tim.o
    0x08003804   0x08003804   0x00000002   Code   RO         4647    i.HAL_TIM_IC_CaptureCallback  stm32h7xx_hal_tim.o
    0x08003806   0x08003806   0x00000182   Code   RO         4661    i.HAL_TIM_IRQHandler  stm32h7xx_hal_tim.o
    0x08003988   0x08003988   0x00000002   Code   RO         4664    i.HAL_TIM_OC_DelayElapsedCallback  stm32h7xx_hal_tim.o
    0x0800398a   0x0800398a   0x00000124   Code   RO         4685    i.HAL_TIM_PWM_ConfigChannel  stm32h7xx_hal_tim.o
    0x08003aae   0x08003aae   0x00000062   Code   RO         4688    i.HAL_TIM_PWM_Init  stm32h7xx_hal_tim.o
    0x08003b10   0x08003b10   0x00000028   Code   RO          788    i.HAL_TIM_PWM_MspInit  tim.o
    0x08003b38   0x08003b38   0x00000002   Code   RO         4691    i.HAL_TIM_PWM_PulseFinishedCallback  stm32h7xx_hal_tim.o
    0x08003b3a   0x08003b3a   0x00000002   PAD
    0x08003b3c   0x08003b3c   0x00000014   Code   RO          493    i.HAL_TIM_PeriodElapsedCallback  main.o
    0x08003b50   0x08003b50   0x00000002   Code   RO         4704    i.HAL_TIM_TriggerCallback  stm32h7xx_hal_tim.o
    0x08003b52   0x08003b52   0x00000040   Code   RO         6038    i.HAL_UARTEx_DisableFifoMode  stm32h7xx_hal_uart_ex.o
    0x08003b92   0x08003b92   0x0000004c   Code   RO         6046    i.HAL_UARTEx_SetRxFifoThreshold  stm32h7xx_hal_uart_ex.o
    0x08003bde   0x08003bde   0x0000004c   Code   RO         6047    i.HAL_UARTEx_SetTxFifoThreshold  stm32h7xx_hal_uart_ex.o
    0x08003c2a   0x08003c2a   0x0000006a   Code   RO         5647    i.HAL_UART_Init     stm32h7xx_hal_uart.o
    0x08003c94   0x08003c94   0x00000084   Code   RO          830    i.HAL_UART_MspInit  usart.o
    0x08003d18   0x08003d18   0x000000be   Code   RO         5656    i.HAL_UART_Transmit  stm32h7xx_hal_uart.o
    0x08003dd6   0x08003dd6   0x00000002   Code   RO          883    i.HardFault_Handler  stm32h7xx_it.o
    0x08003dd8   0x08003dd8   0x00000058   Code   RO          239    i.LCD_Init          lcd.o
    0x08003e30   0x08003e30   0x0000005c   Code   RO          241    i.LCD_STRing        lcd.o
    0x08003e8c   0x08003e8c   0x0000018c   Code   RO          243    i.LCD_ShowChar      lcd.o
    0x08004018   0x08004018   0x0000005c   Code   RO          244    i.LCD_ShowString    lcd.o
    0x08004074   0x08004074   0x0000002c   Code   RO          643    i.LedTask           freertos.o
    0x080040a0   0x080040a0   0x0000001c   Code   RO         1256    i.MX_FATFS_Init     fatfs.o
    0x080040bc   0x080040bc   0x00000030   Code   RO          644    i.MX_FREERTOS_Init  freertos.o
    0x080040ec   0x080040ec   0x000000a0   Code   RO          619    i.MX_GPIO_Init      gpio.o
    0x0800418c   0x0800418c   0x00000024   Code   RO          705    i.MX_SDMMC1_SD_Init  sdmmc.o
    0x080041b0   0x080041b0   0x00000060   Code   RO          747    i.MX_SPI4_Init      spi.o
    0x08004210   0x08004210   0x0000006c   Code   RO          789    i.MX_TIM5_Init      tim.o
    0x0800427c   0x0800427c   0x00000068   Code   RO          831    i.MX_USART1_UART_Init  usart.o
    0x080042e4   0x080042e4   0x00000002   Code   RO          884    i.MemManage_Handler  stm32h7xx_it.o
    0x080042e6   0x080042e6   0x00000002   Code   RO          885    i.NMI_Handler       stm32h7xx_it.o
    0x080042e8   0x080042e8   0x00000120   Code   RO         1572    i.RCCEx_PLL2_Config  stm32h7xx_hal_rcc_ex.o
    0x08004408   0x08004408   0x00000120   Code   RO         1573    i.RCCEx_PLL3_Config  stm32h7xx_hal_rcc_ex.o
    0x08004528   0x08004528   0x0000000c   Code   RO          886    i.SDMMC1_IRQHandler  stm32h7xx_it.o
    0x08004534   0x08004534   0x00000034   Code   RO         3671    i.SDMMC_CmdAppCommand  stm32h7xx_ll_sdmmc.o
    0x08004568   0x08004568   0x0000002e   Code   RO         3672    i.SDMMC_CmdAppOperCommand  stm32h7xx_ll_sdmmc.o
    0x08004596   0x08004596   0x00000032   Code   RO         3673    i.SDMMC_CmdBlockLength  stm32h7xx_ll_sdmmc.o
    0x080045c8   0x080045c8   0x00000034   Code   RO         3674    i.SDMMC_CmdBusWidth  stm32h7xx_ll_sdmmc.o
    0x080045fc   0x080045fc   0x00000054   Code   RO         3678    i.SDMMC_CmdGoIdleState  stm32h7xx_ll_sdmmc.o
    0x08004650   0x08004650   0x00000028   Code   RO         3680    i.SDMMC_CmdOperCond  stm32h7xx_ll_sdmmc.o
    0x08004678   0x08004678   0x00000034   Code   RO         3681    i.SDMMC_CmdReadMultiBlock  stm32h7xx_ll_sdmmc.o
    0x080046ac   0x080046ac   0x00000034   Code   RO         3682    i.SDMMC_CmdReadSingleBlock  stm32h7xx_ll_sdmmc.o
    0x080046e0   0x080046e0   0x00000034   Code   RO         3685    i.SDMMC_CmdSelDesel  stm32h7xx_ll_sdmmc.o
    0x08004714   0x08004714   0x0000002c   Code   RO         3686    i.SDMMC_CmdSendCID  stm32h7xx_ll_sdmmc.o
    0x08004740   0x08004740   0x00000030   Code   RO         3687    i.SDMMC_CmdSendCSD  stm32h7xx_ll_sdmmc.o
    0x08004770   0x08004770   0x00000032   Code   RO         3689    i.SDMMC_CmdSendSCR  stm32h7xx_ll_sdmmc.o
    0x080047a2   0x080047a2   0x00000034   Code   RO         3690    i.SDMMC_CmdSendStatus  stm32h7xx_ll_sdmmc.o
    0x080047d6   0x080047d6   0x00000032   Code   RO         3691    i.SDMMC_CmdSetRelAdd  stm32h7xx_ll_sdmmc.o
    0x08004808   0x08004808   0x00000032   Code   RO         3694    i.SDMMC_CmdStatusRegister  stm32h7xx_ll_sdmmc.o
    0x0800483a   0x0800483a   0x00000002   PAD
    0x0800483c   0x0800483c   0x00000054   Code   RO         3695    i.SDMMC_CmdStopTransfer  stm32h7xx_ll_sdmmc.o
    0x08004890   0x08004890   0x00000034   Code   RO         3698    i.SDMMC_CmdWriteMultiBlock  stm32h7xx_ll_sdmmc.o
    0x080048c4   0x080048c4   0x00000034   Code   RO         3699    i.SDMMC_CmdWriteSingleBlock  stm32h7xx_ll_sdmmc.o
    0x080048f8   0x080048f8   0x00000026   Code   RO         3700    i.SDMMC_ConfigData  stm32h7xx_ll_sdmmc.o
    0x0800491e   0x0800491e   0x00000002   PAD
    0x08004920   0x08004920   0x00000124   Code   RO         3701    i.SDMMC_GetCmdResp1  stm32h7xx_ll_sdmmc.o
    0x08004a44   0x08004a44   0x00000054   Code   RO         3702    i.SDMMC_GetCmdResp2  stm32h7xx_ll_sdmmc.o
    0x08004a98   0x08004a98   0x00000048   Code   RO         3703    i.SDMMC_GetCmdResp3  stm32h7xx_ll_sdmmc.o
    0x08004ae0   0x08004ae0   0x0000008c   Code   RO         3704    i.SDMMC_GetCmdResp6  stm32h7xx_ll_sdmmc.o
    0x08004b6c   0x08004b6c   0x00000058   Code   RO         3705    i.SDMMC_GetCmdResp7  stm32h7xx_ll_sdmmc.o
    0x08004bc4   0x08004bc4   0x00000008   Code   RO         3709    i.SDMMC_GetPowerState  stm32h7xx_ll_sdmmc.o
    0x08004bcc   0x08004bcc   0x00000006   Code   RO         3710    i.SDMMC_GetResponse  stm32h7xx_ll_sdmmc.o
    0x08004bd2   0x08004bd2   0x00000002   PAD
    0x08004bd4   0x08004bd4   0x00000020   Code   RO         3711    i.SDMMC_Init        stm32h7xx_ll_sdmmc.o
    0x08004bf4   0x08004bf4   0x0000000c   Code   RO         3714    i.SDMMC_PowerState_ON  stm32h7xx_ll_sdmmc.o
    0x08004c00   0x08004c00   0x00000006   Code   RO         3715    i.SDMMC_ReadFIFO    stm32h7xx_ll_sdmmc.o
    0x08004c06   0x08004c06   0x00000002   PAD
    0x08004c08   0x08004c08   0x00000028   Code   RO         3716    i.SDMMC_SendCommand  stm32h7xx_ll_sdmmc.o
    0x08004c30   0x08004c30   0x0000000a   Code   RO         3718    i.SDMMC_WriteFIFO   stm32h7xx_ll_sdmmc.o
    0x08004c3a   0x08004c3a   0x00000002   PAD
    0x08004c3c   0x08004c3c   0x00000020   Code   RO         1174    i.SD_CheckStatus    sd_diskio.o
    0x08004c5c   0x08004c5c   0x00000024   Code   RO         1175    i.SD_CheckStatusWithTimeout  sd_diskio.o
    0x08004c80   0x08004c80   0x000000e4   Code   RO         4043    i.SD_FindSCR        stm32h7xx_hal_sd.o
    0x08004d64   0x08004d64   0x000000f6   Code   RO         4045    i.SD_InitCard       stm32h7xx_hal_sd.o
    0x08004e5a   0x08004e5a   0x00000002   PAD
    0x08004e5c   0x08004e5c   0x000000b4   Code   RO         4046    i.SD_PowerON        stm32h7xx_hal_sd.o
    0x08004f10   0x08004f10   0x000000e4   Code   RO         4047    i.SD_SendSDStatus   stm32h7xx_hal_sd.o
    0x08004ff4   0x08004ff4   0x00000048   Code   RO         1176    i.SD_initialize     sd_diskio.o
    0x0800503c   0x0800503c   0x00000058   Code   RO         1177    i.SD_ioctl          sd_diskio.o
    0x08005094   0x08005094   0x00000068   Code   RO         1178    i.SD_read           sd_diskio.o
    0x080050fc   0x080050fc   0x00000004   Code   RO         1179    i.SD_status         sd_diskio.o
    0x08005100   0x08005100   0x00000068   Code   RO         1180    i.SD_write          sd_diskio.o
    0x08005168   0x08005168   0x000000bc   Code   RO         4318    i.SPI_CloseTransfer  stm32h7xx_hal_spi.o
    0x08005224   0x08005224   0x00000042   Code   RO         4335    i.SPI_WaitOnFlagUntilTimeout  stm32h7xx_hal_spi.o
    0x08005266   0x08005266   0x00000004   Code   RO           32    i.ST7735_DeInit     st7735.o
    0x0800526a   0x0800526a   0x00000002   PAD
    0x0800526c   0x0800526c   0x00000080   Code   RO           33    i.ST7735_DisplayOff  st7735.o
    0x080052ec   0x080052ec   0x00000080   Code   RO           34    i.ST7735_DisplayOn  st7735.o
    0x0800536c   0x0800536c   0x00000138   Code   RO           35    i.ST7735_DrawBitmap  st7735.o
    0x080054a4   0x080054a4   0x00000060   Code   RO           36    i.ST7735_DrawHLine  st7735.o
    0x08005504   0x08005504   0x00000048   Code   RO           37    i.ST7735_DrawVLine  st7735.o
    0x0800554c   0x0800554c   0x00000084   Code   RO           38    i.ST7735_FillRGBRect  st7735.o
    0x080055d0   0x080055d0   0x0000003c   Code   RO           39    i.ST7735_FillRect   st7735.o
    0x0800560c   0x0800560c   0x00000006   Code   RO           40    i.ST7735_GetBrightness  st7735.o
    0x08005612   0x08005612   0x00000002   PAD
    0x08005614   0x08005614   0x00000010   Code   RO           41    i.ST7735_GetOrientation  st7735.o
    0x08005624   0x08005624   0x00000056   Code   RO           42    i.ST7735_GetPixel   st7735.o
    0x0800567a   0x0800567a   0x00000002   PAD
    0x0800567c   0x0800567c   0x00000010   Code   RO           43    i.ST7735_GetXSize   st7735.o
    0x0800568c   0x0800568c   0x00000010   Code   RO           44    i.ST7735_GetYSize   st7735.o
    0x0800569c   0x0800569c   0x0000001a   Code   RO           45    i.ST7735_IO_Delay   st7735.o
    0x080056b6   0x080056b6   0x000004b2   Code   RO           46    i.ST7735_Init       st7735.o
    0x08005b68   0x08005b68   0x0000004a   Code   RO           47    i.ST7735_ReadID     st7735.o
    0x08005bb2   0x08005bb2   0x0000000e   Code   RO           48    i.ST7735_ReadRegWrap  st7735.o
    0x08005bc0   0x08005bc0   0x0000000e   Code   RO           49    i.ST7735_RecvDataWrap  st7735.o
    0x08005bce   0x08005bce   0x00000002   PAD
    0x08005bd0   0x08005bd0   0x00000058   Code   RO           50    i.ST7735_RegisterBusIO  st7735.o
    0x08005c28   0x08005c28   0x0000000e   Code   RO           51    i.ST7735_SendDataWrap  st7735.o
    0x08005c36   0x08005c36   0x00000006   Code   RO           52    i.ST7735_SetBrightness  st7735.o
    0x08005c3c   0x08005c3c   0x000000cc   Code   RO           53    i.ST7735_SetCursor  st7735.o
    0x08005d08   0x08005d08   0x00000118   Code   RO           54    i.ST7735_SetDisplayWindow  st7735.o
    0x08005e20   0x08005e20   0x000000a0   Code   RO           55    i.ST7735_SetOrientation  st7735.o
    0x08005ec0   0x08005ec0   0x00000048   Code   RO           56    i.ST7735_SetPixel   st7735.o
    0x08005f08   0x08005f08   0x00000014   Code   RO           57    i.ST7735_WriteRegWrap  st7735.o
    0x08005f1c   0x08005f1c   0x0000001a   Code   RO         7926    i.SysTick_Handler   cmsis_os2.o
    0x08005f36   0x08005f36   0x00000002   PAD
    0x08005f38   0x08005f38   0x000000e0   Code   RO          494    i.SystemClock_Config  main.o
    0x08006018   0x08006018   0x000000dc   Code   RO         6151    i.SystemInit        system_stm32h7xx.o
    0x080060f4   0x080060f4   0x0000000c   Code   RO          887    i.TIM16_IRQHandler  stm32h7xx_it.o
    0x08006100   0x08006100   0x000000c4   Code   RO         4706    i.TIM_Base_SetConfig  stm32h7xx_hal_tim.o
    0x080061c4   0x080061c4   0x000000a8   Code   RO         4719    i.TIM_OC1_SetConfig  stm32h7xx_hal_tim.o
    0x0800626c   0x0800626c   0x00000098   Code   RO         4720    i.TIM_OC2_SetConfig  stm32h7xx_hal_tim.o
    0x08006304   0x08006304   0x00000098   Code   RO         4721    i.TIM_OC3_SetConfig  stm32h7xx_hal_tim.o
    0x0800639c   0x0800639c   0x00000078   Code   RO         4722    i.TIM_OC4_SetConfig  stm32h7xx_hal_tim.o
    0x08006414   0x08006414   0x00000074   Code   RO         4723    i.TIM_OC5_SetConfig  stm32h7xx_hal_tim.o
    0x08006488   0x08006488   0x00000074   Code   RO         4724    i.TIM_OC6_SetConfig  stm32h7xx_hal_tim.o
    0x080064fc   0x080064fc   0x00000044   Code   RO         6051    i.UARTEx_SetNbDataToProcess  stm32h7xx_hal_uart_ex.o
    0x08006540   0x08006540   0x000000c8   Code   RO         5661    i.UART_AdvFeatureConfig  stm32h7xx_hal_uart.o
    0x08006608   0x08006608   0x00000060   Code   RO         5662    i.UART_CheckIdleState  stm32h7xx_hal_uart.o
    0x08006668   0x08006668   0x000003ac   Code   RO         5679    i.UART_SetConfig    stm32h7xx_hal_uart.o
    0x08006a14   0x08006a14   0x000000ca   Code   RO         5686    i.UART_WaitOnFlagUntilTimeout  stm32h7xx_hal_uart.o
    0x08006ade   0x08006ade   0x00000002   Code   RO          888    i.UsageFault_Handler  stm32h7xx_it.o
    0x08006ae0   0x08006ae0   0x00000020   Code   RO         8607    i.__0printf$0       mc_w.l(printf0.o)
    0x08006b00   0x08006b00   0x00000028   Code   RO         8609    i.__0sprintf$0      mc_w.l(printf0.o)
    0x08006b28   0x08006b28   0x00000022   Code   RO         1322    i.__NVIC_SetPriority  stm32h7xx_hal_cortex.o
    0x08006b4a   0x08006b4a   0x0000000e   Code   RO         8917    i.__scatterload_copy  mc_w.l(handlers.o)
    0x08006b58   0x08006b58   0x00000002   Code   RO         8918    i.__scatterload_null  mc_w.l(handlers.o)
    0x08006b5a   0x08006b5a   0x0000000e   Code   RO         8919    i.__scatterload_zeroinit  mc_w.l(handlers.o)
    0x08006b68   0x08006b68   0x0000002c   Code   RO         8614    i._printf_core      mc_w.l(printf0.o)
    0x08006b94   0x08006b94   0x0000000a   Code   RO         8616    i._sputc            mc_w.l(printf0.o)
    0x08006b9e   0x08006b9e   0x00000002   PAD
    0x08006ba0   0x08006ba0   0x0000001c   Code   RO          832    i.fputc             usart.o
    0x08006bbc   0x08006bbc   0x00000050   Code   RO         8845    i.free              mc_w.l(malloc.o)
    0x08006c0c   0x08006c0c   0x00000004   Code   RO          246    i.lcd_gettick       lcd.o
    0x08006c10   0x08006c10   0x00000004   Code   RO          247    i.lcd_init          lcd.o
    0x08006c14   0x08006c14   0x0000006c   Code   RO          248    i.lcd_readreg       lcd.o
    0x08006c80   0x08006c80   0x0000004c   Code   RO          249    i.lcd_recvdata      lcd.o
    0x08006ccc   0x08006ccc   0x00000048   Code   RO          250    i.lcd_senddata      lcd.o
    0x08006d14   0x08006d14   0x00000074   Code   RO          251    i.lcd_writereg      lcd.o
    0x08006d88   0x08006d88   0x00000080   Code   RO          495    i.main              main.o
    0x08006e08   0x08006e08   0x0000006c   Code   RO         8846    i.malloc            mc_w.l(malloc.o)
    0x08006e74   0x08006e74   0x0000001c   Code   RO         7928    i.osDelay           cmsis_os2.o
    0x08006e90   0x08006e90   0x00000020   Code   RO         7937    i.osKernelGetState  cmsis_os2.o
    0x08006eb0   0x08006eb0   0x0000000e   Code   RO         7940    i.osKernelGetTickCount  cmsis_os2.o
    0x08006ebe   0x08006ebe   0x00000002   PAD
    0x08006ec0   0x08006ec0   0x00000024   Code   RO         7942    i.osKernelInitialize  cmsis_os2.o
    0x08006ee4   0x08006ee4   0x00000038   Code   RO         7945    i.osKernelStart     cmsis_os2.o
    0x08006f1c   0x08006f1c   0x00000064   Code   RO         7957    i.osMessageQueueGet  cmsis_os2.o
    0x08006f80   0x08006f80   0x00000058   Code   RO         7962    i.osMessageQueueNew  cmsis_os2.o
    0x08006fd8   0x08006fd8   0x00000068   Code   RO         7963    i.osMessageQueuePut  cmsis_os2.o
    0x08007040   0x08007040   0x00000090   Code   RO         7987    i.osThreadNew       cmsis_os2.o
    0x080070d0   0x080070d0   0x0000005c   Code   RO         7387    i.prvAddCurrentTaskToDelayedList  tasks.o
    0x0800712c   0x0800712c   0x000000d0   Code   RO         7388    i.prvAddNewTaskToReadyList  tasks.o
    0x080071fc   0x080071fc   0x00000058   Code   RO         7752    i.prvCheckForValidListAndQueue  timers.o
    0x08007254   0x08007254   0x00000026   Code   RO         6984    i.prvCopyDataFromQueue  queue.o
    0x0800727a   0x0800727a   0x0000006c   Code   RO         6985    i.prvCopyDataToQueue  queue.o
    0x080072e6   0x080072e6   0x00000034   Code   RO         7389    i.prvDeleteTCB      tasks.o
    0x0800731a   0x0800731a   0x00000002   PAD
    0x0800731c   0x0800731c   0x00000050   Code   RO         8439    i.prvHeapInit       heap_4.o
    0x0800736c   0x0800736c   0x00000060   Code   RO         7390    i.prvIdleTask       tasks.o
    0x080073cc   0x080073cc   0x00000022   Code   RO         6987    i.prvInitialiseNewQueue  queue.o
    0x080073ee   0x080073ee   0x000000b0   Code   RO         7391    i.prvInitialiseNewTask  tasks.o
    0x0800749e   0x0800749e   0x00000002   PAD
    0x080074a0   0x080074a0   0x0000004c   Code   RO         8440    i.prvInsertBlockIntoFreeList  heap_4.o
    0x080074ec   0x080074ec   0x0000003c   Code   RO         7754    i.prvInsertTimerInActiveList  timers.o
    0x08007528   0x08007528   0x0000001c   Code   RO         6988    i.prvIsQueueEmpty   queue.o
    0x08007544   0x08007544   0x000000f8   Code   RO         7755    i.prvProcessReceivedCommands  timers.o
    0x0800763c   0x0800763c   0x000000c0   Code   RO         7756    i.prvProcessTimerOrBlockTask  timers.o
    0x080076fc   0x080076fc   0x00000020   Code   RO         7393    i.prvResetNextTaskUnblockTime  tasks.o
    0x0800771c   0x0800771c   0x00000028   Code   RO         7757    i.prvSampleTimeNow  timers.o
    0x08007744   0x08007744   0x0000006c   Code   RO         7758    i.prvSwitchTimerLists  timers.o
    0x080077b0   0x080077b0   0x00000028   Code   RO         8495    i.prvTaskExitError  port.o
    0x080077d8   0x080077d8   0x00000024   Code   RO         7759    i.prvTimerTask      timers.o
    0x080077fc   0x080077fc   0x0000006a   Code   RO         6989    i.prvUnlockQueue    queue.o
    0x08007866   0x08007866   0x00000002   PAD
    0x08007868   0x08007868   0x000000dc   Code   RO         8441    i.pvPortMalloc      heap_4.o
    0x08007944   0x08007944   0x00000030   Code   RO         8496    i.pxPortInitialiseStack  port.o
    0x08007974   0x08007974   0x0000000c   Code   RO          645    i.sdCardUpdata      freertos.o
    0x08007980   0x08007980   0x0000000e   Code   RO          205    i.st7735_read_reg   st7735_reg.o
    0x0800798e   0x0800798e   0x0000000e   Code   RO          206    i.st7735_recv_data  st7735_reg.o
    0x0800799c   0x0800799c   0x0000000e   Code   RO          207    i.st7735_send_data  st7735_reg.o
    0x080079aa   0x080079aa   0x0000000e   Code   RO          208    i.st7735_write_reg  st7735_reg.o
    0x080079b8   0x080079b8   0x00000026   Code   RO         6944    i.uxListRemove      list.o
    0x080079de   0x080079de   0x00000002   PAD
    0x080079e0   0x080079e0   0x00000018   Code   RO         7999    i.vApplicationGetIdleTaskMemory  cmsis_os2.o
    0x080079f8   0x080079f8   0x00000018   Code   RO         8000    i.vApplicationGetTimerTaskMemory  cmsis_os2.o
    0x08007a10   0x08007a10   0x00000016   Code   RO         6945    i.vListInitialise   list.o
    0x08007a26   0x08007a26   0x00000006   Code   RO         6946    i.vListInitialiseItem  list.o
    0x08007a2c   0x08007a2c   0x00000030   Code   RO         6947    i.vListInsert       list.o
    0x08007a5c   0x08007a5c   0x00000018   Code   RO         6948    i.vListInsertEnd    list.o
    0x08007a74   0x08007a74   0x00000040   Code   RO         8498    i.vPortEnterCritical  port.o
    0x08007ab4   0x08007ab4   0x00000028   Code   RO         8499    i.vPortExitCritical  port.o
    0x08007adc   0x08007adc   0x00000064   Code   RO         8442    i.vPortFree         heap_4.o
    0x08007b40   0x08007b40   0x00000024   Code   RO         8500    i.vPortSetupTimerInterrupt  port.o
    0x08007b64   0x08007b64   0x00000054   Code   RO         8501    i.vPortValidateInterruptPriority  port.o
    0x08007bb8   0x08007bb8   0x00000028   Code   RO         6995    i.vQueueAddToRegistry  queue.o
    0x08007be0   0x08007be0   0x00000044   Code   RO         6999    i.vQueueWaitForMessageRestricted  queue.o
    0x08007c24   0x08007c24   0x0000004c   Code   RO         7406    i.vTaskDelay        tasks.o
    0x08007c70   0x08007c70   0x00000010   Code   RO         7411    i.vTaskInternalSetTimeOutState  tasks.o
    0x08007c80   0x08007c80   0x0000000c   Code   RO         7412    i.vTaskMissedYield  tasks.o
    0x08007c8c   0x08007c8c   0x00000030   Code   RO         7414    i.vTaskPlaceOnEventList  tasks.o
    0x08007cbc   0x08007cbc   0x00000038   Code   RO         7415    i.vTaskPlaceOnEventListRestricted  tasks.o
    0x08007cf4   0x08007cf4   0x00000088   Code   RO         7423    i.vTaskStartScheduler  tasks.o
    0x08007d7c   0x08007d7c   0x00000010   Code   RO         7425    i.vTaskSuspendAll   tasks.o
    0x08007d8c   0x08007d8c   0x00000064   Code   RO         7426    i.vTaskSwitchContext  tasks.o
    0x08007df0   0x08007df0   0x000000f4   Code   RO         8502    i.xPortStartScheduler  port.o
    0x08007ee4   0x08007ee4   0x0000002c   Code   RO         8503    i.xPortSysTickHandler  port.o
    0x08007f10   0x08007f10   0x00000042   Code   RO         7004    i.xQueueGenericCreate  queue.o
    0x08007f52   0x08007f52   0x00000066   Code   RO         7005    i.xQueueGenericCreateStatic  queue.o
    0x08007fb8   0x08007fb8   0x00000094   Code   RO         7006    i.xQueueGenericReset  queue.o
    0x0800804c   0x0800804c   0x00000160   Code   RO         7007    i.xQueueGenericSend  queue.o
    0x080081ac   0x080081ac   0x000000be   Code   RO         7008    i.xQueueGenericSendFromISR  queue.o
    0x0800826a   0x0800826a   0x00000002   PAD
    0x0800826c   0x0800826c   0x0000013c   Code   RO         7017    i.xQueueReceive     queue.o
    0x080083a8   0x080083a8   0x0000009c   Code   RO         7018    i.xQueueReceiveFromISR  queue.o
    0x08008444   0x08008444   0x00000078   Code   RO         7428    i.xTaskCheckForTimeOut  tasks.o
    0x080084bc   0x080084bc   0x0000005a   Code   RO         7429    i.xTaskCreate       tasks.o
    0x08008516   0x08008516   0x00000056   Code   RO         7430    i.xTaskCreateStatic  tasks.o
    0x0800856c   0x0800856c   0x0000001c   Code   RO         7434    i.xTaskGetSchedulerState  tasks.o
    0x08008588   0x08008588   0x0000000c   Code   RO         7435    i.xTaskGetTickCount  tasks.o
    0x08008594   0x08008594   0x00000010   Code   RO         7436    i.xTaskGetTickCountFromISR  tasks.o
    0x080085a4   0x080085a4   0x000000c8   Code   RO         7437    i.xTaskIncrementTick  tasks.o
    0x0800866c   0x0800866c   0x0000007c   Code   RO         7440    i.xTaskPriorityDisinherit  tasks.o
    0x080086e8   0x080086e8   0x00000070   Code   RO         7442    i.xTaskRemoveFromEventList  tasks.o
    0x08008758   0x08008758   0x000000c4   Code   RO         7443    i.xTaskResumeAll    tasks.o
    0x0800881c   0x0800881c   0x00000060   Code   RO         7768    i.xTimerCreateTimerTask  timers.o
    0x0800887c   0x0800887c   0x00000068   Code   RO         7769    i.xTimerGenericCommand  timers.o
    0x080088e4   0x080088e4   0x00000a64   Data   RO          256    .constdata          lcd.o
    0x08009348   0x08009348   0x00000048   Data   RO          646    .constdata          freertos.o
    0x08009390   0x08009390   0x00000014   Data   RO         1181    .constdata          sd_diskio.o
    0x080093a4   0x080093a4   0x00000018   Data   RO         5687    .constdata          stm32h7xx_hal_uart.o
    0x080093bc   0x080093bc   0x00000010   Data   RO         6052    .constdata          stm32h7xx_hal_uart_ex.o
    0x080093cc   0x080093cc   0x00000010   Data   RO         6152    .constdata          system_stm32h7xx.o
    0x080093dc   0x080093dc   0x00000010   Data   RO          647    .conststring        freertos.o
    0x080093ec   0x080093ec   0x00000020   Data   RO         8915    Region$$Table       anon$$obj.o


    Execution Region RW_IRAM1 (Exec base: 0x20000000, Load base: 0x0800940c, Size: 0x00000000, Max: 0x00020000, ABSOLUTE)

    **** No section assigned to this execution region ****


    Execution Region RW_IRAM2 (Exec base: 0x24000000, Load base: 0x0800940c, Size: 0x000071a0, Max: 0x00080000, ABSOLUTE, COMPRESSED[0x00000078])

    Exec Addr    Load Addr    Size         Type   Attr      Idx    E Section Name        Object

    0x24000000   COMPRESSED   0x0000004c   Data   RW           59    .data               st7735.o
    0x2400004c   COMPRESSED   0x00000020   Data   RW           60    .data               st7735.o
    0x2400006c   COMPRESSED   0x00000024   Data   RW          257    .data               lcd.o
    0x24000090   COMPRESSED   0x00000008   Data   RW          648    .data               freertos.o
    0x24000098   COMPRESSED   0x00000008   Data   RW         1182    .data               sd_diskio.o
    0x240000a0   COMPRESSED   0x00000005   Data   RW         1260    .data               fatfs.o
    0x240000a5   COMPRESSED   0x00000003   PAD
    0x240000a8   COMPRESSED   0x0000000c   Data   RW         2819    .data               stm32h7xx_hal.o
    0x240000b4   COMPRESSED   0x00000008   Data   RW         6153    .data               system_stm32h7xx.o
    0x240000bc   COMPRESSED   0x0000003c   Data   RW         7446    .data               tasks.o
    0x240000f8   COMPRESSED   0x00000014   Data   RW         7777    .data               timers.o
    0x2400010c   COMPRESSED   0x00000004   Data   RW         8002    .data               cmsis_os2.o
    0x24000110   COMPRESSED   0x00000020   Data   RW         8448    .data               heap_4.o
    0x24000130   COMPRESSED   0x0000000c   Data   RW         8504    .data               port.o
    0x2400013c   COMPRESSED   0x00000004   Data   RW         8889    .data               mc_w.l(stdout.o)
    0x24000140   COMPRESSED   0x00000004   Data   RW         8896    .data               mc_w.l(mvars.o)
    0x24000144   COMPRESSED   0x00000004   Data   RW         8897    .data               mc_w.l(mvars.o)
    0x24000148        -       0x00000510   Zero   RW           58    .bss                st7735.o
    0x24000658        -       0x00000038   Zero   RW          252    .bss                lcd.o
    0x24000690        -       0x0000007c   Zero   RW          706    .bss                sdmmc.o
    0x2400070c        -       0x00000088   Zero   RW          748    .bss                spi.o
    0x24000794        -       0x0000004c   Zero   RW          790    .bss                tim.o
    0x240007e0        -       0x00000090   Zero   RW          833    .bss                usart.o
    0x24000870        -       0x0000004c   Zero   RW          978    .bss                stm32h7xx_hal_timebase_tim.o
    0x240008bc        -       0x0000000c   Zero   RW         6693    .bss                ff_gen_drv.o
    0x240008c8        -       0x00000040   Zero   RW         7021    .bss                queue.o
    0x24000908        -       0x000004c4   Zero   RW         7445    .bss                tasks.o
    0x24000dcc        -       0x00000118   Zero   RW         7776    .bss                timers.o
    0x24000ee4        -       0x000006b8   Zero   RW         8001    .bss                cmsis_os2.o
    0x2400159c        -       0x00003c00   Zero   RW         8447    .bss                heap_4.o
    0x2400519c   COMPRESSED   0x00000004   PAD
    0x240051a0        -       0x00001000   Zero   RW            2    HEAP                startup_stm32h750xx.o
    0x240061a0        -       0x00001000   Zero   RW            1    STACK               startup_stm32h750xx.o


==============================================================================

Image component sizes


      Code (inc. data)   RO Data    RW Data    ZI Data      Debug   Object Name

       170         22          0          0          0       5097   bsp_driver_sd.o
       676         34          0          4       1720      75437   cmsis_os2.o
         0          0          0          0          0      17936   event_groups.o
        28         10          0          5          0       1234   fatfs.o
        70          6          0          0         12       1647   ff_gen_drv.o
       104         32         88          8          0       2500   freertos.o
       160         10          0          0          0       1111   gpio.o
       476         24          0         32      15360       4931   heap_4.o
      1048         76       2660         36         56    1338315   lcd.o
       138          0          0          0          0       3618   list.o
         0          0          0          0          0       2900   logo_128_160.o
       376         54          0          0          0      18120   main.o
       790         84          0         12          0      11501   port.o
      1752         22          0          0         64      19925   queue.o
       496         34         20          8          0       6877   sd_diskio.o
       256         24          0          0        124       1860   sdmmc.o
       228         22          0          0        136       1861   spi.o
      3246        110          0        108       1296      27800   st7735.o
        56          0          0          0          0       2883   st7735_reg.o
        36          8        664          0       8192        824   startup_stm32h750xx.o
       168         36          0         12          0      22649   stm32h7xx_hal.o
       160         12          0          0          0      38778   stm32h7xx_hal_cortex.o
       582         50          0          0          0       2917   stm32h7xx_hal_gpio.o
        36          4          0          0          0        930   stm32h7xx_hal_msp.o
        84          6          0          0          0        777   stm32h7xx_hal_pwr_ex.o
      2476        116          0          0          0       7777   stm32h7xx_hal_rcc.o
      4466        172          0          0          0      10379   stm32h7xx_hal_rcc_ex.o
      3338         68          0          0          0      18768   stm32h7xx_hal_sd.o
      2290         14          0          0          0       8382   stm32h7xx_hal_spi.o
      2044        220          0          0          0      13643   stm32h7xx_hal_tim.o
       170         30          0          0          0       3156   stm32h7xx_hal_tim_ex.o
       132         22          0          0         76       1544   stm32h7xx_hal_timebase_tim.o
      1734        106         24          0          0      25970   stm32h7xx_hal_uart.o
       284          6         16          0          0       3757   stm32h7xx_hal_uart_ex.o
        36         12          0          0          0       3632   stm32h7xx_it.o
      1790         72          0          0          0      24238   stm32h7xx_ll_sdmmc.o
         0          0          0          0          0        416   stream_buffer.o
       220         40         16          8          0       1478   system_stm32h7xx.o
      2100        166          0         60       1220      27399   tasks.o
       148         20          0          0         76       1725   tim.o
       972         84          0         20        280      32063   timers.o
       264         28          0          0        144       3810   usart.o

    ----------------------------------------------------------------------
     33654       1856       3520        316      28760    1800565   Object Totals
         0          0         32          0          0          0   (incl. Generated)
        54          0          0          3          4          0   (incl. Padding)

    ----------------------------------------------------------------------

      Code (inc. data)   RO Data    RW Data    ZI Data      Debug   Library Member Name

        86          0          0          0          0          0   __dczerorl2.o
         0          0          0          0          0          0   entry.o
         0          0          0          0          0          0   entry10a.o
         0          0          0          0          0          0   entry11a.o
         4          0          0          0          0          0   entry12b.o
         8          4          0          0          0          0   entry2.o
         4          0          0          0          0          0   entry5.o
         0          0          0          0          0          0   entry7b.o
         0          0          0          0          0          0   entry8b.o
         8          4          0          0          0          0   entry9a.o
        30          0          0          0          0          0   handlers.o
        36          8          0          0          0         68   init.o
        30          0          0          0          0         68   llshl.o
        32          0          0          0          0         68   llushr.o
       188         20          0          0          0        160   malloc.o
        36          0          0          0          0         68   memcpya.o
        36          0          0          0          0        108   memseta.o
         0          0          0          8          0          0   mvars.o
       126         16          0          0          0        320   printf0.o
         0          0          0          4          0          0   stdout.o
        98          0          0          0          0         92   uldiv.o

    ----------------------------------------------------------------------
       726         52          0         12          0        952   Library Totals
         4          0          0          0          0          0   (incl. Padding)

    ----------------------------------------------------------------------

      Code (inc. data)   RO Data    RW Data    ZI Data      Debug   Library Name

       722         52          0         12          0        952   mc_w.l

    ----------------------------------------------------------------------
       726         52          0         12          0        952   Library Totals

    ----------------------------------------------------------------------

==============================================================================


      Code (inc. data)   RO Data    RW Data    ZI Data      Debug   

     34380       1908       3520        328      28760    1774333   Grand Totals
     34380       1908       3520        120      28760    1774333   ELF Image Totals (compressed)
     34380       1908       3520        120          0          0   ROM Totals

==============================================================================

    Total RO  Size (Code + RO Data)                37900 (  37.01kB)
    Total RW  Size (RW Data + ZI Data)             29088 (  28.41kB)
    Total ROM Size (Code + RO Data + RW Data)      38020 (  37.13kB)

==============================================================================

